Archive member included to satisfy reference by file (symbol)

C:/Users/Sherry/Desktop/nus/CG2271/lab3/freeRTOS/freeRTOS/Release/libfreeRTOS.a(queue.o)
                              ./blinky.o (xQueueGenericCreate)
C:/Users/Sherry/Desktop/nus/CG2271/lab3/freeRTOS/freeRTOS/Release/libfreeRTOS.a(tasks.o)
                              ./blinky.o (xTaskGenericCreate)
C:/Users/Sherry/Desktop/nus/CG2271/lab3/freeRTOS/freeRTOS/Release/libfreeRTOS.a(heap_2.o)
                              C:/Users/Sherry/Desktop/nus/CG2271/lab3/freeRTOS/freeRTOS/Release/libfreeRTOS.a(queue.o) (pvPortMalloc)
C:/Users/Sherry/Desktop/nus/CG2271/lab3/freeRTOS/freeRTOS/Release/libfreeRTOS.a(port.o)
                              C:/Users/Sherry/Desktop/nus/CG2271/lab3/freeRTOS/freeRTOS/Release/libfreeRTOS.a(tasks.o) (pxPortInitialiseStack)
C:/Users/Sherry/Desktop/nus/CG2271/lab3/freeRTOS/freeRTOS/Release/libfreeRTOS.a(list.o)
                              C:/Users/Sherry/Desktop/nus/CG2271/lab3/freeRTOS/freeRTOS/Release/libfreeRTOS.a(queue.o) (vListInitialise)
c:/program files/arduino/hardware/tools/avr/bin/../lib/gcc/avr/5.4.0/avr5\libgcc.a(_mulsi3.o)
                              ./arduino/WMath.o (__mulsi3)
c:/program files/arduino/hardware/tools/avr/bin/../lib/gcc/avr/5.4.0/avr5\libgcc.a(_udivmodsi4.o)
                              ./arduino/HardwareSerial.o (__udivmodsi4)
c:/program files/arduino/hardware/tools/avr/bin/../lib/gcc/avr/5.4.0/avr5\libgcc.a(_divmodsi4.o)
                              ./arduino/WMath.o (__divmodsi4)
c:/program files/arduino/hardware/tools/avr/bin/../lib/gcc/avr/5.4.0/avr5\libgcc.a(_negsi2.o)
                              c:/program files/arduino/hardware/tools/avr/bin/../lib/gcc/avr/5.4.0/avr5\libgcc.a(_divmodsi4.o) (__negsi2)
c:/program files/arduino/hardware/tools/avr/bin/../lib/gcc/avr/5.4.0/avr5\libgcc.a(_exit.o)
                              c:/program files/arduino/hardware/tools/avr/bin/../lib/gcc/avr/5.4.0/../../../../avr/lib/avr5/crtatmega328p.o (exit)
c:/program files/arduino/hardware/tools/avr/bin/../lib/gcc/avr/5.4.0/avr5\libgcc.a(_copy_data.o)
                              ./arduino/HardwareSerial.o (__do_copy_data)
c:/program files/arduino/hardware/tools/avr/bin/../lib/gcc/avr/5.4.0/avr5\libgcc.a(_clear_bss.o)
                              ./arduino/HardwareSerial0.o (__do_clear_bss)
c:/program files/arduino/hardware/tools/avr/bin/../lib/gcc/avr/5.4.0/avr5\libgcc.a(_ctors.o)
                              ./arduino/HardwareSerial0.o (__do_global_ctors)
c:/program files/arduino/hardware/tools/avr/bin/../lib/gcc/avr/5.4.0/avr5\libgcc.a(_muluhisi3.o)
                              ./arduino/Stream.o (__muluhisi3)
c:/program files/arduino/hardware/tools/avr/bin/../lib/gcc/avr/5.4.0/avr5\libgcc.a(_tablejump2.o)
                              c:/program files/arduino/hardware/tools/avr/bin/../lib/gcc/avr/5.4.0/avr5\libgcc.a(_ctors.o) (__tablejump2__)
c:/program files/arduino/hardware/tools/avr/bin/../lib/gcc/avr/5.4.0/avr5\libgcc.a(_umulhisi3.o)
                              c:/program files/arduino/hardware/tools/avr/bin/../lib/gcc/avr/5.4.0/avr5\libgcc.a(_muluhisi3.o) (__umulhisi3)
c:/program files/arduino/hardware/tools/avr/bin/../lib/gcc/avr/5.4.0/../../../../avr/lib/avr5\libm.a(addsf3.o)
                              ./arduino/Print.o (__subsf3)
c:/program files/arduino/hardware/tools/avr/bin/../lib/gcc/avr/5.4.0/../../../../avr/lib/avr5\libm.a(addsf3x.o)
                              c:/program files/arduino/hardware/tools/avr/bin/../lib/gcc/avr/5.4.0/../../../../avr/lib/avr5\libm.a(addsf3.o) (__addsf3x)
c:/program files/arduino/hardware/tools/avr/bin/../lib/gcc/avr/5.4.0/../../../../avr/lib/avr5\libm.a(cmpsf2.o)
                              ./arduino/Print.o (__ltsf2)
c:/program files/arduino/hardware/tools/avr/bin/../lib/gcc/avr/5.4.0/../../../../avr/lib/avr5\libm.a(divsf3.o)
                              ./arduino/Print.o (__divsf3)
c:/program files/arduino/hardware/tools/avr/bin/../lib/gcc/avr/5.4.0/../../../../avr/lib/avr5\libm.a(divsf3x.o)
                              c:/program files/arduino/hardware/tools/avr/bin/../lib/gcc/avr/5.4.0/../../../../avr/lib/avr5\libm.a(divsf3.o) (__divsf3x)
c:/program files/arduino/hardware/tools/avr/bin/../lib/gcc/avr/5.4.0/../../../../avr/lib/avr5\libm.a(fixunssfsi.o)
                              ./arduino/Print.o (__fixunssfsi)
c:/program files/arduino/hardware/tools/avr/bin/../lib/gcc/avr/5.4.0/../../../../avr/lib/avr5\libm.a(floatsisf.o)
                              ./arduino/Print.o (__floatunsisf)
c:/program files/arduino/hardware/tools/avr/bin/../lib/gcc/avr/5.4.0/../../../../avr/lib/avr5\libm.a(fp_cmp.o)
                              c:/program files/arduino/hardware/tools/avr/bin/../lib/gcc/avr/5.4.0/../../../../avr/lib/avr5\libm.a(cmpsf2.o) (__fp_cmp)
c:/program files/arduino/hardware/tools/avr/bin/../lib/gcc/avr/5.4.0/../../../../avr/lib/avr5\libm.a(fp_inf.o)
[...]
Memory Configuration

Name             Origin             Length             Attributes
text             0x00000000         0x00020000         xr
data             0x00800060         0x0000ffa0         rw !x
eeprom           0x00810000         0x00010000         rw !x
fuse             0x00820000         0x00000003         rw !x
lock             0x00830000         0x00000400         rw !x
signature        0x00840000         0x00000400         rw !x
user_signatures  0x00850000         0x00000400         rw !x
*default*        0x00000000         0xffffffff

Linker script and memory map

Address of section .data set to 0x800100
LOAD c:/program files/arduino/hardware/tools/avr/bin/../lib/gcc/avr/5.4.0/../../../../avr/lib/avr5/crtatmega328p.o
LOAD ./arduino/CDC.o
LOAD ./arduino/HardwareSerial.o
LOAD ./arduino/HardwareSerial0.o
LOAD ./arduino/HardwareSerial1.o
LOAD ./arduino/HardwareSerial2.o
LOAD ./arduino/HardwareSerial3.o
LOAD ./arduino/IPAddress.o
LOAD ./arduino/PluggableUSB.o
LOAD ./arduino/Print.o
LOAD ./arduino/Stream.o
LOAD ./arduino/Tone.o
LOAD ./arduino/USBCore.o
LOAD ./arduino/WInterrupts.o
LOAD ./arduino/WMath.o
LOAD ./arduino/WString.o
LOAD ./arduino/abi.o
LOAD ./arduino/hooks.o
LOAD ./arduino/main.o
LOAD ./arduino/new.o
LOAD ./arduino/wiring.o
LOAD ./arduino/wiring_analog.o
LOAD ./arduino/wiring_digital.o
LOAD ./arduino/wiring_pulse.o
LOAD ./arduino/wiring_shift.o
LOAD ./blinky.o
LOAD ./prioq.o
LOAD C:/Users/Sherry/Desktop/nus/CG2271/lab3/freeRTOS/freeRTOS/Release/libfreeRTOS.a
LOAD c:/program files/arduino/hardware/tools/avr/bin/../lib/gcc/avr/5.4.0/avr5\libgcc.a
LOAD c:/program files/arduino/hardware/tools/avr/bin/../lib/gcc/avr/5.4.0/../../../../avr/lib/avr5\libm.a
START GROUP
LOAD c:/program files/arduino/hardware/tools/avr/bin/../lib/gcc/avr/5.4.0/avr5\libgcc.a
LOAD c:/program files/arduino/hardware/tools/avr/bin/../lib/gcc/avr/5.4.0/../../../../avr/lib/avr5\libm.a
LOAD c:/program files/arduino/hardware/tools/avr/bin/../lib/gcc/avr/5.4.0/../../../../avr/lib/avr5\libc.a
LOAD c:/program files/arduino/hardware/tools/avr/bin/../lib/gcc/avr/5.4.0/../../../../avr/lib/avr5\libatmega328p.a
END GROUP
                0x00020000                __TEXT_REGION_LENGTH__ = DEFINED (__TEXT_REGION_LENGTH__)?__TEXT_REGION_LENGTH__:0x20000
                0x0000ffa0                __DATA_REGION_LENGTH__ = DEFINED (__DATA_REGION_LENGTH__)?__DATA_REGION_LENGTH__:0xffa0
                0x00010000                __EEPROM_REGION_LENGTH__ = DEFINED (__EEPROM_REGION_LENGTH__)?__EEPROM_REGION_LENGTH__:0x10000
                [0x00000003]                __FUSE_REGION_LENGTH__ = DEFINED (__FUSE_REGION_LENGTH__)?__FUSE_REGION_LENGTH__:0x400
                0x00000400                __LOCK_REGION_LENGTH__ = DEFINED (__LOCK_REGION_LENGTH__)?__LOCK_REGION_LENGTH__:0x400
                0x00000400                __SIGNATURE_REGION_LENGTH__ = DEFINED (__SIGNATURE_REGION_LENGTH__)?__SIGNATURE_REGION_LENGTH__:0x400
                0x00000400                __USER_SIGNATURE_REGION_LENGTH__ = DEFINED (__USER_SIGNATURE_REGION_LENGTH__)?__USER_SIGNATURE_REGION_LENGTH__:0x400

.hash
 *(.hash)

.dynsym
 *(.dynsym)

.dynstr
 *(.dynstr)

.gnu.version
 *(.gnu.version)

.gnu.version_d
 *(.gnu.version_d)

.gnu.version_r
 *(.gnu.version_r)

.rel.init
 *(.rel.init)

.rela.init
 *(.rela.init)

.rel.text
 *(.rel.text)
 *(.rel.text.*)
 *(.rel.gnu.linkonce.t*)

.rela.text
 *(.rela.text)
 *(.rela.text.*)
 *(.rela.gnu.linkonce.t*)

.rel.fini
 *(.rel.fini)

.rela.fini
 *(.rela.fini)

.rel.rodata
 *(.rel.rodata)
 *(.rel.rodata.*)
 *(.rel.gnu.linkonce.r*)

.rela.rodata
 *(.rela.rodata)
 *(.rela.rodata.*)
 *(.rela.gnu.linkonce.r*)

.rel.data
 *(.rel.data)
 *(.rel.data.*)
 *(.rel.gnu.linkonce.d*)

.rela.data
 *(.rela.data)
 *(.rela.data.*)
 *(.rela.gnu.linkonce.d*)

.rel.ctors
 *(.rel.ctors)

.rela.ctors
 *(.rela.ctors)

.rel.dtors
 *(.rel.dtors)

.rela.dtors
 *(.rela.dtors)

.rel.got
 *(.rel.got)

.rela.got
 *(.rela.got)

.rel.bss
 *(.rel.bss)

.rela.bss
 *(.rela.bss)

.rel.plt
 *(.rel.plt)

.rela.plt
 *(.rela.plt)

.text           0x00000000     0x233e
 *(.vectors)
 .vectors       0x00000000       0x68 c:/program files/arduino/hardware/tools/avr/bin/../lib/gcc/avr/5.4.0/../../../../avr/lib/avr5/crtatmega328p.o
                0x00000000                __vector_default
                0x00000000                __vectors
 *(.vectors)
 *(.progmem.gcc*)
                0x00000068                . = ALIGN (0x2)
                0x00000068                __trampolines_start = .
 *(.trampolines)
 .trampolines   0x00000068        0x0 linker stubs
 *(.trampolines*)
                0x00000068                __trampolines_end = .
 *libprintf_flt.a:*(.progmem.data)
 *libc.a:*(.progmem.data)
 *(.progmem*)
 .progmem.data._ZL21tone_pin_to_timer_PGM
                0x00000068        0x1 ./arduino/Tone.o
 .progmem.data.digital_pin_to_timer_PGM
                0x00000069       0x14 ./arduino/wiring_digital.o
                0x00000069                digital_pin_to_timer_PGM
 .progmem.data.digital_pin_to_bit_mask_PGM
                0x0000007d       0x14 ./arduino/wiring_digital.o
                0x0000007d                digital_pin_to_bit_mask_PGM
 .progmem.data.digital_pin_to_port_PGM
                0x00000091       0x14 ./arduino/wiring_digital.o
                0x00000091                digital_pin_to_port_PGM
 .progmem.data.port_to_output_PGM
                0x000000a5        0xa ./arduino/wiring_digital.o
                0x000000a5                port_to_output_PGM
 .progmem.data.port_to_mode_PGM
                0x000000af        0xa ./arduino/wiring_digital.o
                0x000000af                port_to_mode_PGM
                0x000000ba                . = ALIGN (0x2)
 *fill*         0x000000b9        0x1 
 *(.jumptables)
 *(.jumptables*)
 *(.lowtext)
 *(.lowtext*)
                0x000000ba                __ctors_start = .
 *(.ctors)
 .ctors         0x000000ba        0x2 ./arduino/HardwareSerial0.o
                0x000000bc                __ctors_end = .
                0x000000bc                __dtors_start = .
 *(.dtors)
                0x000000bc                __dtors_end = .
 SORT(*)(.ctors)
 SORT(*)(.dtors)
 *(.init0)
 .init0         0x000000bc        0x0 c:/program files/arduino/hardware/tools/avr/bin/../lib/gcc/avr/5.4.0/../../../../avr/lib/avr5/crtatmega328p.o
                0x000000bc                __init
 *(.init0)
 *(.init1)
 *(.init1)
 *(.init2)
 .init2         0x000000bc        0xc c:/program files/arduino/hardware/tools/avr/bin/../lib/gcc/avr/5.4.0/../../../../avr/lib/avr5/crtatmega328p.o
 *(.init2)
 *(.init3)
 *(.init3)
 *(.init4)
 .init4         0x000000c8       0x16 c:/program files/arduino/hardware/tools/avr/bin/../lib/gcc/avr/5.4.0/avr5\libgcc.a(_copy_data.o)
                0x000000c8                __do_copy_data
 .init4         0x000000de       0x10 c:/program files/arduino/hardware/tools/avr/bin/../lib/gcc/avr/5.4.0/avr5\libgcc.a(_clear_bss.o)
                0x000000de                __do_clear_bss
 *(.init4)
 *(.init5)
 *(.init5)
 *(.init6)
 .init6         0x000000ee       0x16 c:/program files/arduino/hardware/tools/avr/bin/../lib/gcc/avr/5.4.0/avr5\libgcc.a(_ctors.o)
                0x000000ee                __do_global_ctors
 *(.init6)
 *(.init7)
 *(.init7)
 *(.init8)
 *(.init8)
 *(.init9)
 .init9         0x00000104        0x6 c:/program files/arduino/hardware/tools/avr/bin/../lib/gcc/avr/5.4.0/../../../../avr/lib/avr5/crtatmega328p.o
 *(.init9)
 *(.text)
 .text          0x0000010a        0x2 c:/program files/arduino/hardware/tools/avr/bin/../lib/gcc/avr/5.4.0/../../../../avr/lib/avr5/crtatmega328p.o
                0x0000010a                __vector_22
                0x0000010a                __vector_24
                0x0000010a                __vector_12
                0x0000010a                __bad_interrupt
                0x0000010a                __vector_6
                0x0000010a                __vector_3
                0x0000010a                __vector_23
                0x0000010a                __vector_25
                0x0000010a                __vector_13
                0x0000010a                __vector_17
                0x0000010a                __vector_5
                0x0000010a                __vector_4
                0x0000010a                __vector_9
                0x0000010a                __vector_21
                0x0000010a                __vector_15
                0x0000010a                __vector_8
                0x0000010a                __vector_14
                0x0000010a                __vector_10
                0x0000010a                __vector_20
                0x0000010c                . = ALIGN (0x2)
 *(.text.*)
 .text._ZN14HardwareSerial9availableEv
                0x0000010c       0x18 ./arduino/HardwareSerial.o
                0x0000010c                _ZN14HardwareSerial9availableEv
 .text._ZN14HardwareSerial4peekEv
                0x00000124       0x1c ./arduino/HardwareSerial.o
                0x00000124                _ZN14HardwareSerial4peekEv
 .text._ZN14HardwareSerial4readEv
                0x00000140       0x28 ./arduino/HardwareSerial.o
                0x00000140                _ZN14HardwareSerial4readEv
 .text._ZN14HardwareSerial17availableForWriteEv
                0x00000168       0x1e ./arduino/HardwareSerial.o
                0x00000168                _ZN14HardwareSerial17availableForWriteEv
 .text._Z14serialEventRunv
                0x00000186       0x1a ./arduino/HardwareSerial.o
                0x00000186                _Z14serialEventRunv
 .text._ZN14HardwareSerial17_tx_udr_empty_irqEv
                0x000001a0       0x44 ./arduino/HardwareSerial.o
                0x000001a0                _ZN14HardwareSerial17_tx_udr_empty_irqEv
 .text._ZN14HardwareSerial5writeEh
                0x000001e4       0x98 ./arduino/HardwareSerial.o
                0x000001e4                _ZN14HardwareSerial5writeEh
 .text._ZN14HardwareSerial5flushEv
                0x0000027c       0x42 ./arduino/HardwareSerial.o
                0x0000027c                _ZN14HardwareSerial5flushEv
 .text._ZN14HardwareSerial5beginEmh
                0x000002be       0xca ./arduino/HardwareSerial.o
                0x000002be                _ZN14HardwareSerial5beginEmh
 .text.__vector_18
                0x00000388       0x64 ./arduino/HardwareSerial0.o
                0x00000388                __vector_18
 .text.__vector_19
                0x000003ec       0x4a ./arduino/HardwareSerial0.o
                0x000003ec                __vector_19
 .text._Z17Serial0_availablev
                0x00000436       0x12 ./arduino/HardwareSerial0.o
                0x00000436                _Z17Serial0_availablev
 .text.startup._GLOBAL__sub_I___vector_18
                0x00000448       0x5a ./arduino/HardwareSerial0.o
 .text._ZN5Print5writeEPKhj
                0x000004a2       0x54 ./arduino/Print.o
                0x000004a2                _ZN5Print5writeEPKhj
 .text._ZN5Print5writeEPKc
                0x000004f6       0x2a ./arduino/Print.o
                0x000004f6                _ZN5Print5writeEPKc
 .text._ZN5Print5printEPKc
                0x00000520        0x2 ./arduino/Print.o
                0x00000520                _ZN5Print5printEPKc
 .text._ZN5Print5printEc
                0x00000522        0xe ./arduino/Print.o
                0x00000522                _ZN5Print5printEc
 .text._ZN5Print7printlnEv
                0x00000530        0x6 ./arduino/Print.o
                0x00000530                _ZN5Print7printlnEv
 .text._ZN5Print11printNumberEmh
                0x00000536       0x90 ./arduino/Print.o
                0x00000536                _ZN5Print11printNumberEmh
 .text._ZN5Print5printEli
                0x000005c6       0x8a ./arduino/Print.o
                0x000005c6                _ZN5Print5printEli
 .text._ZN5Print5printEii
                0x00000650        0xc ./arduino/Print.o
                0x00000650                _ZN5Print5printEii
 .text._ZN5Print7printlnEii
                0x0000065c       0x20 ./arduino/Print.o
                0x0000065c                _ZN5Print7printlnEii
 .text._Z12disableTimerh
                0x0000067c       0x40 ./arduino/Tone.o
                0x0000067c                _Z12disableTimerh
 .text._Z6noToneh
                0x000006bc       0x26 ./arduino/Tone.o
                0x000006bc                _Z6noToneh
 .text.__vector_7
                0x000006e2       0xb6 ./arduino/Tone.o
                0x000006e2                __vector_7
 .text.nothing  0x00000798        0x2 ./arduino/WInterrupts.o
 .text.attachInterrupt
                0x0000079a       0x40 ./arduino/WInterrupts.o
                0x0000079a                attachInterrupt
 .text.__vector_1
                0x000007da       0x4e ./arduino/WInterrupts.o
                0x000007da                __vector_1
 .text.__vector_2
                0x00000828       0x4e ./arduino/WInterrupts.o
                0x00000828                __vector_2
 .text.initVariant
                0x00000876        0x2 ./arduino/main.o
                0x00000876                initVariant
 .text.startup.main
                0x00000878       0x14 ./arduino/main.o
                0x00000878                main
 .text.__vector_16
                0x0000088c       0x94 ./arduino/wiring.o
                0x0000088c                __vector_16
 .text.millis   0x00000920       0x18 ./arduino/wiring.o
                0x00000920                millis
 .text.init     0x00000938       0x76 ./arduino/wiring.o
                0x00000938                init
 .text.analogRead
                0x000009ae       0x3a ./arduino/wiring_analog.o
                0x000009ae                analogRead
 .text.turnOffPWM
                0x000009e8       0x52 ./arduino/wiring_digital.o
 .text.pinMode  0x00000a3a       0x78 ./arduino/wiring_digital.o
                0x00000a3a                pinMode
 .text.digitalWrite
                0x00000ab2       0x5c ./arduino/wiring_digital.o
                0x00000ab2                digitalWrite
 .text._Z4slowv
                0x00000b0e       0x86 ./blinky.o
                0x00000b0e                _Z4slowv
 .text._Z3accv  0x00000b94       0x86 ./blinky.o
                0x00000b94                _Z3accv
 .text._Z22safetyBreakLightEngagePv
                0x00000c1a       0x4c ./blinky.o
                0x00000c1a                _Z22safetyBreakLightEngagePv
 .text._Z12updateSerialPv
                0x00000c66       0xa8 ./blinky.o
                0x00000c66                _Z12updateSerialPv
 .text._Z14updateDistancePv
                0x00000d0e       0x4a ./blinky.o
                0x00000d0e                _Z14updateDistancePv
 .text._Z22distanceToSpeedSettingi
                0x00000d58       0x2e ./blinky.o
                0x00000d58                _Z22distanceToSpeedSettingi
 .text._Z15showCurSpeedLedi
                0x00000d86       0x48 ./blinky.o
                0x00000d86                _Z15showCurSpeedLedi
 .text._Z9showSpeedPv
                0x00000dce       0xec ./blinky.o
                0x00000dce                _Z9showSpeedPv
 .text.setup    0x00000eba       0x7e ./blinky.o
                0x00000eba                setup
 .text.loop     0x00000f38       0x7a ./blinky.o
                0x00000f38                loop
 .text.prvCopyDataToQueue
                0x00000fb2       0x94 C:/Users/Sherry/Desktop/nus/CG2271/lab3/freeRTOS/freeRTOS/Release/libfreeRTOS.a(queue.o)
 .text.prvCopyDataFromQueue
                0x00001046       0x34 C:/Users/Sherry/Desktop/nus/CG2271/lab3/freeRTOS/freeRTOS/Release/libfreeRTOS.a(queue.o)
 .text.prvUnlockQueue
                0x0000107a       0x74 C:/Users/Sherry/Desktop/nus/CG2271/lab3/freeRTOS/freeRTOS/Release/libfreeRTOS.a(queue.o)
 .text.xQueueGenericReset
                0x000010ee       0x70 C:/Users/Sherry/Desktop/nus/CG2271/lab3/freeRTOS/freeRTOS/Release/libfreeRTOS.a(queue.o)
                0x000010ee                xQueueGenericReset
 .text.xQueueGenericCreate
                0x0000115e       0x4e C:/Users/Sherry/Desktop/nus/CG2271/lab3/freeRTOS/freeRTOS/Release/libfreeRTOS.a(queue.o)
                0x0000115e                xQueueGenericCreate
 .text.xQueueGenericSend
                0x000011ac      0x12c C:/Users/Sherry/Desktop/nus/CG2271/lab3/freeRTOS/freeRTOS/Release/libfreeRTOS.a(queue.o)
                0x000011ac                xQueueGenericSend
 .text.xQueueGenericSendFromISR
                0x000012d8       0x58 C:/Users/Sherry/Desktop/nus/CG2271/lab3/freeRTOS/freeRTOS/Release/libfreeRTOS.a(queue.o)
                0x000012d8                xQueueGenericSendFromISR
 .text.xQueueGenericReceive
                0x00001330      0x140 C:/Users/Sherry/Desktop/nus/CG2271/lab3/freeRTOS/freeRTOS/Release/libfreeRTOS.a(queue.o)
                0x00001330                xQueueGenericReceive
 .text.prvResetNextTaskUnblockTime
                0x00001470       0x44 C:/Users/Sherry/Desktop/nus/CG2271/lab3/freeRTOS/freeRTOS/Release/libfreeRTOS.a(tasks.o)
 .text.prvAddCurrentTaskToDelayedList
                0x000014b4       0x9e C:/Users/Sherry/Desktop/nus/CG2271/lab3/freeRTOS/freeRTOS/Release/libfreeRTOS.a(tasks.o)
 .text.xTaskGenericCreate
                0x00001552      0x1e8 C:/Users/Sherry/Desktop/nus/CG2271/lab3/freeRTOS/freeRTOS/Release/libfreeRTOS.a(tasks.o)
                0x00001552                xTaskGenericCreate
 .text.vTaskStartScheduler
                0x0000173a       0x7e C:/Users/Sherry/Desktop/nus/CG2271/lab3/freeRTOS/freeRTOS/Release/libfreeRTOS.a(tasks.o)
                0x0000173a                vTaskStartScheduler
 .text.vTaskSuspendAll
                0x000017b8        0xc C:/Users/Sherry/Desktop/nus/CG2271/lab3/freeRTOS/freeRTOS/Release/libfreeRTOS.a(tasks.o)
                0x000017b8                vTaskSuspendAll
 .text.xTaskGetTickCount
                0x000017c4       0x1c C:/Users/Sherry/Desktop/nus/CG2271/lab3/freeRTOS/freeRTOS/Release/libfreeRTOS.a(tasks.o)
                0x000017c4                xTaskGetTickCount
 .text.xTaskIncrementTick
                0x000017e0      0x19a C:/Users/Sherry/Desktop/nus/CG2271/lab3/freeRTOS/freeRTOS/Release/libfreeRTOS.a(tasks.o)
                0x000017e0                xTaskIncrementTick
 .text.xTaskResumeAll
                0x0000197a       0xd6 C:/Users/Sherry/Desktop/nus/CG2271/lab3/freeRTOS/freeRTOS/Release/libfreeRTOS.a(tasks.o)
                0x0000197a                xTaskResumeAll
 .text.vTaskDelayUntil
                0x00001a50       0x9a C:/Users/Sherry/Desktop/nus/CG2271/lab3/freeRTOS/freeRTOS/Release/libfreeRTOS.a(tasks.o)
                0x00001a50                vTaskDelayUntil
 .text.prvIdleTask
                0x00001aea       0x5c C:/Users/Sherry/Desktop/nus/CG2271/lab3/freeRTOS/freeRTOS/Release/libfreeRTOS.a(tasks.o)
 .text.vTaskSwitchContext
                0x00001b46       0x98 C:/Users/Sherry/Desktop/nus/CG2271/lab3/freeRTOS/freeRTOS/Release/libfreeRTOS.a(tasks.o)
                0x00001b46                vTaskSwitchContext
 .text.vTaskPlaceOnEventList
                0x00001bde       0x4c C:/Users/Sherry/Desktop/nus/CG2271/lab3/freeRTOS/freeRTOS/Release/libfreeRTOS.a(tasks.o)
                0x00001bde                vTaskPlaceOnEventList
 .text.xTaskRemoveFromEventList
                0x00001c2a       0x7a C:/Users/Sherry/Desktop/nus/CG2271/lab3/freeRTOS/freeRTOS/Release/libfreeRTOS.a(tasks.o)
                0x00001c2a                xTaskRemoveFromEventList
 .text.vTaskSetTimeOutState
                0x00001ca4       0x22 C:/Users/Sherry/Desktop/nus/CG2271/lab3/freeRTOS/freeRTOS/Release/libfreeRTOS.a(tasks.o)
                0x00001ca4                vTaskSetTimeOutState
 .text.xTaskCheckForTimeOut
                0x00001cc6       0xa6 C:/Users/Sherry/Desktop/nus/CG2271/lab3/freeRTOS/freeRTOS/Release/libfreeRTOS.a(tasks.o)
                0x00001cc6                xTaskCheckForTimeOut
 .text.vTaskMissedYield
                0x00001d6c        0x8 C:/Users/Sherry/Desktop/nus/CG2271/lab3/freeRTOS/freeRTOS/Release/libfreeRTOS.a(tasks.o)
                0x00001d6c                vTaskMissedYield
 .text.pvPortMalloc
                0x00001d74      0x120 C:/Users/Sherry/Desktop/nus/CG2271/lab3/freeRTOS/freeRTOS/Release/libfreeRTOS.a(heap_2.o)
                0x00001d74                pvPortMalloc
 .text.vPortFree
                0x00001e94       0x54 C:/Users/Sherry/Desktop/nus/CG2271/lab3/freeRTOS/freeRTOS/Release/libfreeRTOS.a(heap_2.o)
                0x00001e94                vPortFree
 .text.pxPortInitialiseStack
                0x00001ee8       0xd8 C:/Users/Sherry/Desktop/nus/CG2271/lab3/freeRTOS/freeRTOS/Release/libfreeRTOS.a(port.o)
                0x00001ee8                pxPortInitialiseStack
 .text.xPortStartScheduler
                0x00001fc0       0x76 C:/Users/Sherry/Desktop/nus/CG2271/lab3/freeRTOS/freeRTOS/Release/libfreeRTOS.a(port.o)
                0x00001fc0                xPortStartScheduler
 .text.vPortYield
                0x00002036       0xb0 C:/Users/Sherry/Desktop/nus/CG2271/lab3/freeRTOS/freeRTOS/Release/libfreeRTOS.a(port.o)
                0x00002036                vPortYield
 .text.vPortYieldFromTick
                0x000020e6       0xb4 C:/Users/Sherry/Desktop/nus/CG2271/lab3/freeRTOS/freeRTOS/Release/libfreeRTOS.a(port.o)
                0x000020e6                vPortYieldFromTick
 .text.__vector_11
                0x0000219a        0x4 C:/Users/Sherry/Desktop/nus/CG2271/lab3/freeRTOS/freeRTOS/Release/libfreeRTOS.a(port.o)
                0x0000219a                __vector_11
 .text.vListInitialise
                0x0000219e       0x22 C:/Users/Sherry/Desktop/nus/CG2271/lab3/freeRTOS/freeRTOS/Release/libfreeRTOS.a(list.o)
                0x0000219e                vListInitialise
 .text.vListInitialiseItem
                0x000021c0        0x8 C:/Users/Sherry/Desktop/nus/CG2271/lab3/freeRTOS/freeRTOS/Release/libfreeRTOS.a(list.o)
                0x000021c0                vListInitialiseItem
 .text.vListInsertEnd
                0x000021c8       0x42 C:/Users/Sherry/Desktop/nus/CG2271/lab3/freeRTOS/freeRTOS/Release/libfreeRTOS.a(list.o)
                0x000021c8                vListInsertEnd
 .text.vListInsert
                0x0000220a       0x88 C:/Users/Sherry/Desktop/nus/CG2271/lab3/freeRTOS/freeRTOS/Release/libfreeRTOS.a(list.o)
                0x0000220a                vListInsert
 .text.uxListRemove
                0x00002292       0x46 C:/Users/Sherry/Desktop/nus/CG2271/lab3/freeRTOS/freeRTOS/Release/libfreeRTOS.a(list.o)
                0x00002292                uxListRemove
 .text.libgcc.div
                0x000022d8       0x44 c:/program files/arduino/hardware/tools/avr/bin/../lib/gcc/avr/5.4.0/avr5\libgcc.a(_udivmodsi4.o)
                0x000022d8                __udivmodsi4
 .text.libgcc   0x0000231c        0xc c:/program files/arduino/hardware/tools/avr/bin/../lib/gcc/avr/5.4.0/avr5\libgcc.a(_tablejump2.o)
                0x0000231c                __tablejump2__
 .text.avr-libc
                0x00002328       0x12 c:/program files/arduino/hardware/tools/avr/bin/../lib/gcc/avr/5.4.0/../../../../avr/lib/avr5\libc.a(memcpy.o)
                0x00002328                memcpy
                0x0000233a                . = ALIGN (0x2)
 *(.fini9)
 .fini9         0x0000233a        0x0 c:/program files/arduino/hardware/tools/avr/bin/../lib/gcc/avr/5.4.0/avr5\libgcc.a(_exit.o)
                0x0000233a                _exit
                0x0000233a                exit
 *(.fini9)
 *(.fini8)
 *(.fini8)
 *(.fini7)
 *(.fini7)
 *(.fini6)
 *(.fini6)
 *(.fini5)
 *(.fini5)
 *(.fini4)
 *(.fini4)
 *(.fini3)
 *(.fini3)
 *(.fini2)
 *(.fini2)
 *(.fini1)
 *(.fini1)
 *(.fini0)
 .fini0         0x0000233a        0x4 c:/program files/arduino/hardware/tools/avr/bin/../lib/gcc/avr/5.4.0/avr5\libgcc.a(_exit.o)
 *(.fini0)
                0x0000233e                _etext = .

.data           0x00800100       0xa0 load address 0x0000233e
                0x00800100                PROVIDE (__data_start, .)
 *(.data)
 *(.data*)
 .data._ZL9tone_pins
                0x00800100        0x1 ./arduino/Tone.o
 .data.intFunc  0x00800101        0x4 ./arduino/WInterrupts.o
 .data.analog_reference
                0x00800105        0x1 ./arduino/wiring_analog.o
                0x00800105                analog_reference
 .data.xFreeBytesRemaining
                0x00800106        0x2 C:/Users/Sherry/Desktop/nus/CG2271/lab3/freeRTOS/freeRTOS/Release/libfreeRTOS.a(heap_2.o)
 *(.gnu.linkonce.d*)
 *(.rodata)
 *(.rodata*)
 .rodata._ZTV14HardwareSerial
                0x00800108       0x12 ./arduino/HardwareSerial.o
                0x00800108                _ZTV14HardwareSerial
 .rodata.str1.1
                0x0080011a        0xf ./arduino/Print.o
 .rodata.str1.1
                0x00800129       0x71 ./blinky.o
 .rodata.str1.1
                0x0080019a        0x5 C:/Users/Sherry/Desktop/nus/CG2271/lab3/freeRTOS/freeRTOS/Release/libfreeRTOS.a(tasks.o)
 *(.gnu.linkonce.r*)
                0x008001a0                . = ALIGN (0x2)
 *fill*         0x0080019f        0x1 
                0x008001a0                _edata = .
                0x008001a0                PROVIDE (__data_end, .)

.bss            0x008001a0      0x753
                0x008001a0                PROVIDE (__bss_start, .)
 *(.bss)
 *(.bss*)
 .bss.Serial    0x008001a0       0x9d ./arduino/HardwareSerial0.o
                0x008001a0                Serial
 .bss.timer2_pin_mask
                0x0080023d        0x1 ./arduino/Tone.o
                0x0080023d                timer2_pin_mask
 .bss.timer2_pin_port
                0x0080023e        0x2 ./arduino/Tone.o
                0x0080023e                timer2_pin_port
 .bss.timer2_toggle_count
                0x00800240        0x4 ./arduino/Tone.o
                0x00800240                timer2_toggle_count
 .bss.timer0_fract
                0x00800244        0x1 ./arduino/wiring.o
 .bss.timer0_millis
                0x00800245        0x4 ./arduino/wiring.o
                0x00800245                timer0_millis
 .bss.timer0_overflow_count
                0x00800249        0x4 ./arduino/wiring.o
                0x00800249                timer0_overflow_count
 .bss.safetyBreakFlag
                0x0080024d        0x2 ./blinky.o
                0x0080024d                safetyBreakFlag
 .bss.toSerialQueue
                0x0080024f        0x2 ./blinky.o
                0x0080024f                toSerialQueue
 .bss.distanceQueue
                0x00800251        0x2 ./blinky.o
                0x00800251                distanceQueue
 .bss.driverSpeedSettingQueue
                0x00800253        0x2 ./blinky.o
                0x00800253                driverSpeedSettingQueue
 .bss.lastAccButtonPush
                0x00800255        0x4 ./blinky.o
                0x00800255                lastAccButtonPush
 .bss.lastBreakButtonPush
                0x00800259        0x4 ./blinky.o
                0x00800259                lastBreakButtonPush
 .bss.uxSchedulerSuspended
                0x0080025d        0x1 C:/Users/Sherry/Desktop/nus/CG2271/lab3/freeRTOS/freeRTOS/Release/libfreeRTOS.a(tasks.o)
 .bss.xNextTaskUnblockTime
                0x0080025e        0x4 C:/Users/Sherry/Desktop/nus/CG2271/lab3/freeRTOS/freeRTOS/Release/libfreeRTOS.a(tasks.o)
 .bss.uxTaskNumber
                0x00800262        0x1 C:/Users/Sherry/Desktop/nus/CG2271/lab3/freeRTOS/freeRTOS/Release/libfreeRTOS.a(tasks.o)
 .bss.xNumOfOverflows
                0x00800263        0x1 C:/Users/Sherry/Desktop/nus/CG2271/lab3/freeRTOS/freeRTOS/Release/libfreeRTOS.a(tasks.o)
 .bss.xYieldPending
                0x00800264        0x1 C:/Users/Sherry/Desktop/nus/CG2271/lab3/freeRTOS/freeRTOS/Release/libfreeRTOS.a(tasks.o)
 .bss.uxPendedTicks
                0x00800265        0x1 C:/Users/Sherry/Desktop/nus/CG2271/lab3/freeRTOS/freeRTOS/Release/libfreeRTOS.a(tasks.o)
 .bss.xSchedulerRunning
                0x00800266        0x1 C:/Users/Sherry/Desktop/nus/CG2271/lab3/freeRTOS/freeRTOS/Release/libfreeRTOS.a(tasks.o)
 .bss.uxTopReadyPriority
                0x00800267        0x1 C:/Users/Sherry/Desktop/nus/CG2271/lab3/freeRTOS/freeRTOS/Release/libfreeRTOS.a(tasks.o)
 .bss.xTickCount
                0x00800268        0x4 C:/Users/Sherry/Desktop/nus/CG2271/lab3/freeRTOS/freeRTOS/Release/libfreeRTOS.a(tasks.o)
 .bss.uxCurrentNumberOfTasks
                0x0080026c        0x1 C:/Users/Sherry/Desktop/nus/CG2271/lab3/freeRTOS/freeRTOS/Release/libfreeRTOS.a(tasks.o)
 .bss.uxTasksDeleted
                0x0080026d        0x1 C:/Users/Sherry/Desktop/nus/CG2271/lab3/freeRTOS/freeRTOS/Release/libfreeRTOS.a(tasks.o)
 .bss.xTasksWaitingTermination
                0x0080026e        0xb C:/Users/Sherry/Desktop/nus/CG2271/lab3/freeRTOS/freeRTOS/Release/libfreeRTOS.a(tasks.o)
 .bss.xPendingReadyList
                0x00800279        0xb C:/Users/Sherry/Desktop/nus/CG2271/lab3/freeRTOS/freeRTOS/Release/libfreeRTOS.a(tasks.o)
 .bss.pxOverflowDelayedTaskList
                0x00800284        0x2 C:/Users/Sherry/Desktop/nus/CG2271/lab3/freeRTOS/freeRTOS/Release/libfreeRTOS.a(tasks.o)
 .bss.pxDelayedTaskList
                0x00800286        0x2 C:/Users/Sherry/Desktop/nus/CG2271/lab3/freeRTOS/freeRTOS/Release/libfreeRTOS.a(tasks.o)
 .bss.xDelayedTaskList2
                0x00800288        0xb C:/Users/Sherry/Desktop/nus/CG2271/lab3/freeRTOS/freeRTOS/Release/libfreeRTOS.a(tasks.o)
 .bss.xDelayedTaskList1
                0x00800293        0xb C:/Users/Sherry/Desktop/nus/CG2271/lab3/freeRTOS/freeRTOS/Release/libfreeRTOS.a(tasks.o)
 .bss.pxReadyTasksLists
                0x0080029e       0x6e C:/Users/Sherry/Desktop/nus/CG2271/lab3/freeRTOS/freeRTOS/Release/libfreeRTOS.a(tasks.o)
 .bss.pxCurrentTCB
                0x0080030c        0x2 C:/Users/Sherry/Desktop/nus/CG2271/lab3/freeRTOS/freeRTOS/Release/libfreeRTOS.a(tasks.o)
                0x0080030c                pxCurrentTCB
 .bss.xHeapHasBeenInitialised.2026
                0x0080030e        0x1 C:/Users/Sherry/Desktop/nus/CG2271/lab3/freeRTOS/freeRTOS/Release/libfreeRTOS.a(heap_2.o)
 .bss.xEnd      0x0080030f        0x4 C:/Users/Sherry/Desktop/nus/CG2271/lab3/freeRTOS/freeRTOS/Release/libfreeRTOS.a(heap_2.o)
 .bss.xStart    0x00800313        0x4 C:/Users/Sherry/Desktop/nus/CG2271/lab3/freeRTOS/freeRTOS/Release/libfreeRTOS.a(heap_2.o)
 .bss.ucHeap    0x00800317      0x5dc C:/Users/Sherry/Desktop/nus/CG2271/lab3/freeRTOS/freeRTOS/Release/libfreeRTOS.a(heap_2.o)
 *(COMMON)
                0x008008f3                PROVIDE (__bss_end, .)
                0x0000233e                __data_load_start = LOADADDR (.data)
                0x000023de                __data_load_end = (__data_load_start + SIZEOF (.data))

.noinit         0x008008f3        0x0
                [!provide]                PROVIDE (__noinit_start, .)
 *(.noinit*)
                [!provide]                PROVIDE (__noinit_end, .)
                0x008008f3                _end = .
                0x008008f3                PROVIDE (__heap_start, .)

.eeprom         0x00810000        0x0
 *(.eeprom*)
                0x00810000                __eeprom_end = .

.fuse
 *(.fuse)
 *(.lfuse)
 *(.hfuse)
 *(.efuse)

.lock
 *(.lock*)

.signature
 *(.signature*)

.user_signatures
 *(.user_signatures*)

.stab
 *(.stab)

.stabstr
 *(.stabstr)

.stab.excl
 *(.stab.excl)

.stab.exclstr
 *(.stab.exclstr)

.stab.index
 *(.stab.index)

.stab.indexstr
 *(.stab.indexstr)

.comment        0x00000000       0x11
 *(.comment)
 .comment       0x00000000       0x11 ./arduino/HardwareSerial.o
                                 0x12 (size before relaxing)
 .comment       0x00000011       0x12 ./arduino/HardwareSerial0.o
 .comment       0x00000011       0x12 ./arduino/Print.o
 .comment       0x00000011       0x12 ./arduino/Tone.o
 .comment       0x00000011       0x12 ./arduino/WInterrupts.o
 .comment       0x00000011       0x12 ./arduino/main.o
 .comment       0x00000011       0x12 ./arduino/wiring.o
 .comment       0x00000011       0x12 ./arduino/wiring_analog.o
 .comment       0x00000011       0x12 ./arduino/wiring_digital.o
 .comment       0x00000011       0x12 ./blinky.o
 .comment       0x00000011       0x12 C:/Users/Sherry/Desktop/nus/CG2271/lab3/freeRTOS/freeRTOS/Release/libfreeRTOS.a(queue.o)
 .comment       0x00000011       0x12 C:/Users/Sherry/Desktop/nus/CG2271/lab3/freeRTOS/freeRTOS/Release/libfreeRTOS.a(tasks.o)
 .comment       0x00000011       0x12 C:/Users/Sherry/Desktop/nus/CG2271/lab3/freeRTOS/freeRTOS/Release/libfreeRTOS.a(heap_2.o)
 .comment       0x00000011       0x12 C:/Users/Sherry/Desktop/nus/CG2271/lab3/freeRTOS/freeRTOS/Release/libfreeRTOS.a(port.o)
 .comment       0x00000011       0x12 C:/Users/Sherry/Desktop/nus/CG2271/lab3/freeRTOS/freeRTOS/Release/libfreeRTOS.a(list.o)

.note.gnu.avr.deviceinfo
                0x00000000       0x40
 .note.gnu.avr.deviceinfo
                0x00000000       0x40 c:/program files/arduino/hardware/tools/avr/bin/../lib/gcc/avr/5.4.0/../../../../avr/lib/avr5/crtatmega328p.o

.note.gnu.build-id
 *(.note.gnu.build-id)

.debug
 *(.debug)

.line
 *(.line)

.debug_srcinfo
 *(.debug_srcinfo)

.debug_sfnames
 *(.debug_sfnames)

.debug_aranges  0x00000000       0xc0
 *(.debug_aranges)
 .debug_aranges
                0x00000000       0x20 c:/program files/arduino/hardware/tools/avr/bin/../lib/gcc/avr/5.4.0/avr5\libgcc.a(_udivmodsi4.o)
 .debug_aranges
                0x00000020       0x20 c:/program files/arduino/hardware/tools/avr/bin/../lib/gcc/avr/5.4.0/avr5\libgcc.a(_exit.o)
 .debug_aranges
                0x00000040       0x20 c:/program files/arduino/hardware/tools/avr/bin/../lib/gcc/avr/5.4.0/avr5\libgcc.a(_copy_data.o)
 .debug_aranges
                0x00000060       0x20 c:/program files/arduino/hardware/tools/avr/bin/../lib/gcc/avr/5.4.0/avr5\libgcc.a(_clear_bss.o)
 .debug_aranges
                0x00000080       0x20 c:/program files/arduino/hardware/tools/avr/bin/../lib/gcc/avr/5.4.0/avr5\libgcc.a(_ctors.o)
 .debug_aranges
                0x000000a0       0x20 c:/program files/arduino/hardware/tools/avr/bin/../lib/gcc/avr/5.4.0/avr5\libgcc.a(_tablejump2.o)

.debug_pubnames
 *(.debug_pubnames)

.debug_info     0x00000000      0xa56
 *(.debug_info .gnu.linkonce.wi.*)
 .debug_info    0x00000000      0x5f4 c:/program files/arduino/hardware/tools/avr/bin/../lib/gcc/avr/5.4.0/../../../../avr/lib/avr5/crtatmega328p.o
 .debug_info    0x000005f4       0xbb c:/program files/arduino/hardware/tools/avr/bin/../lib/gcc/avr/5.4.0/avr5\libgcc.a(_udivmodsi4.o)
 .debug_info    0x000006af       0xbb c:/program files/arduino/hardware/tools/avr/bin/../lib/gcc/avr/5.4.0/avr5\libgcc.a(_exit.o)
 .debug_info    0x0000076a       0xbb c:/program files/arduino/hardware/tools/avr/bin/../lib/gcc/avr/5.4.0/avr5\libgcc.a(_copy_data.o)
 .debug_info    0x00000825       0xbb c:/program files/arduino/hardware/tools/avr/bin/../lib/gcc/avr/5.4.0/avr5\libgcc.a(_clear_bss.o)
 .debug_info    0x000008e0       0xbb c:/program files/arduino/hardware/tools/avr/bin/../lib/gcc/avr/5.4.0/avr5\libgcc.a(_ctors.o)
 .debug_info    0x0000099b       0xbb c:/program files/arduino/hardware/tools/avr/bin/../lib/gcc/avr/5.4.0/avr5\libgcc.a(_tablejump2.o)

.debug_abbrev   0x00000000      0x61a
 *(.debug_abbrev)
 .debug_abbrev  0x00000000      0x5a2 c:/program files/arduino/hardware/tools/avr/bin/../lib/gcc/avr/5.4.0/../../../../avr/lib/avr5/crtatmega328p.o
 .debug_abbrev  0x000005a2       0x14 c:/program files/arduino/hardware/tools/avr/bin/../lib/gcc/avr/5.4.0/avr5\libgcc.a(_udivmodsi4.o)
 .debug_abbrev  0x000005b6       0x14 c:/program files/arduino/hardware/tools/avr/bin/../lib/gcc/avr/5.4.0/avr5\libgcc.a(_exit.o)
 .debug_abbrev  0x000005ca       0x14 c:/program files/arduino/hardware/tools/avr/bin/../lib/gcc/avr/5.4.0/avr5\libgcc.a(_copy_data.o)
 .debug_abbrev  0x000005de       0x14 c:/program files/arduino/hardware/tools/avr/bin/../lib/gcc/avr/5.4.0/avr5\libgcc.a(_clear_bss.o)
 .debug_abbrev  0x000005f2       0x14 c:/program files/arduino/hardware/tools/avr/bin/../lib/gcc/avr/5.4.0/avr5\libgcc.a(_ctors.o)
 .debug_abbrev  0x00000606       0x14 c:/program files/arduino/hardware/tools/avr/bin/../lib/gcc/avr/5.4.0/avr5\libgcc.a(_tablejump2.o)

.debug_line     0x00000000      0x3c8
 *(.debug_line .debug_line.* .debug_line_end)
 .debug_line    0x00000000       0x1a c:/program files/arduino/hardware/tools/avr/bin/../lib/gcc/avr/5.4.0/../../../../avr/lib/avr5/crtatmega328p.o
 .debug_line    0x0000001a      0x122 c:/program files/arduino/hardware/tools/avr/bin/../lib/gcc/avr/5.4.0/avr5\libgcc.a(_udivmodsi4.o)
 .debug_line    0x0000013c       0x62 c:/program files/arduino/hardware/tools/avr/bin/../lib/gcc/avr/5.4.0/avr5\libgcc.a(_exit.o)
 .debug_line    0x0000019e       0x98 c:/program files/arduino/hardware/tools/avr/bin/../lib/gcc/avr/5.4.0/avr5\libgcc.a(_copy_data.o)
 .debug_line    0x00000236       0x86 c:/program files/arduino/hardware/tools/avr/bin/../lib/gcc/avr/5.4.0/avr5\libgcc.a(_clear_bss.o)
 .debug_line    0x000002bc       0x92 c:/program files/arduino/hardware/tools/avr/bin/../lib/gcc/avr/5.4.0/avr5\libgcc.a(_ctors.o)
 .debug_line    0x0000034e       0x7a c:/program files/arduino/hardware/tools/avr/bin/../lib/gcc/avr/5.4.0/avr5\libgcc.a(_tablejump2.o)

.debug_frame
 *(.debug_frame)

.debug_str      0x00000000      0x208
 *(.debug_str)
 .debug_str     0x00000000      0x208 c:/program files/arduino/hardware/tools/avr/bin/../lib/gcc/avr/5.4.0/../../../../avr/lib/avr5/crtatmega328p.o

.debug_loc
 *(.debug_loc)

.debug_macinfo
 *(.debug_macinfo)

.debug_weaknames
 *(.debug_weaknames)

.debug_funcnames
 *(.debug_funcnames)

.debug_typenames
 *(.debug_typenames)

.debug_varnames
 *(.debug_varnames)

.debug_pubtypes
 *(.debug_pubtypes)

.debug_ranges
 *(.debug_ranges)

.debug_macro
 *(.debug_macro)
OUTPUT(blinky.elf elf32-avr)
LOAD linker stubs

Cross Reference Table

Symbol                                            File
Serial                                            ./arduino/HardwareSerial0.o
                                                  ./blinky.o
_Z10randomSeedm                                   ./arduino/WMath.o
_Z11serialEventv                                  ./arduino/HardwareSerial.o
_Z12disableTimerh                                 ./arduino/Tone.o
_Z12updateSerialPv                                ./blinky.o
_Z14serialEventRunv                               ./arduino/HardwareSerial.o
                                                  ./arduino/main.o
_Z14updateDistancePv                              ./blinky.o
_Z15showCurSpeedLedi                              ./blinky.o
_Z17Serial0_availablev                            ./arduino/HardwareSerial0.o
                                                  ./arduino/HardwareSerial.o
_Z22distanceToSpeedSettingi                       ./blinky.o
_Z22safetyBreakLightEngagePv                      ./blinky.o
_Z3accv                                           ./blinky.o
_Z3deqP2pt                                        ./prioq.o
_Z3enqP2ptPvi                                     ./prioq.o
_Z3maplllll                                       ./arduino/WMath.o
_Z4qlenP2pt                                       ./prioq.o
_Z4slowv                                          ./blinky.o
_Z4tonehjm                                        ./arduino/Tone.o
_Z6noToneh                                        ./arduino/Tone.o
_Z6randoml                                        ./arduino/WMath.o
_Z6randomll                                       ./arduino/WMath.o
_Z8makeWordhh                                     ./arduino/WMath.o
_Z8makeWordj                                      ./arduino/WMath.o
_Z8setupUSBv                                      ./arduino/main.o
_Z9makeQueuev                                     ./prioq.o
_Z9showSpeedPv                                    ./blinky.o
_ZN14HardwareSerial17_tx_udr_empty_irqEv          ./arduino/HardwareSerial.o
                                                  ./arduino/HardwareSerial0.o
_ZN14HardwareSerial17availableForWriteEv          ./arduino/HardwareSerial.o
_ZN14HardwareSerial3endEv                         ./arduino/HardwareSerial.o
_ZN14HardwareSerial4peekEv                        ./arduino/HardwareSerial.o
_ZN14HardwareSerial4readEv                        ./arduino/HardwareSerial.o
_ZN14HardwareSerial5beginEmh                      ./arduino/HardwareSerial.o
                                                  ./blinky.o
_ZN14HardwareSerial5flushEv                       ./arduino/HardwareSerial.o
_ZN14HardwareSerial5writeEh                       ./arduino/HardwareSerial.o
_ZN14HardwareSerial9availableEv                   ./arduino/HardwareSerial.o
                                                  ./arduino/HardwareSerial0.o
_ZN5Print10printFloatEdh                          ./arduino/Print.o
_ZN5Print11printNumberEmh                         ./arduino/Print.o
_ZN5Print17availableForWriteEv                    ./arduino/HardwareSerial0.o
                                                  ./arduino/Print.o
_ZN5Print5flushEv                                 ./arduino/HardwareSerial0.o
                                                  ./arduino/Print.o
_ZN5Print5printEPK19__FlashStringHelper           ./arduino/Print.o
_ZN5Print5printEPKc                               ./arduino/Print.o
                                                  ./blinky.o
_ZN5Print5printERK6String                         ./arduino/Print.o
_ZN5Print5printERK9Printable                      ./arduino/Print.o
_ZN5Print5printEc                                 ./arduino/Print.o
                                                  ./arduino/IPAddress.o
_ZN5Print5printEdi                                ./arduino/Print.o
_ZN5Print5printEhi                                ./arduino/Print.o
                                                  ./arduino/IPAddress.o
_ZN5Print5printEii                                ./arduino/Print.o
                                                  ./blinky.o
_ZN5Print5printEji                                ./arduino/Print.o
_ZN5Print5printEli                                ./arduino/Print.o
_ZN5Print5printEmi                                ./arduino/Print.o
_ZN5Print5writeEPKc                               ./arduino/Print.o
_ZN5Print5writeEPKhj                              ./arduino/Print.o
                                                  ./arduino/HardwareSerial.o
_ZN5Print7printlnEPK19__FlashStringHelper         ./arduino/Print.o
_ZN5Print7printlnEPKc                             ./arduino/Print.o
_ZN5Print7printlnERK6String                       ./arduino/Print.o
_ZN5Print7printlnERK9Printable                    ./arduino/Print.o
_ZN5Print7printlnEc                               ./arduino/Print.o
_ZN5Print7printlnEdi                              ./arduino/Print.o
_ZN5Print7printlnEhi                              ./arduino/Print.o
_ZN5Print7printlnEii                              ./arduino/Print.o
                                                  ./blinky.o
_ZN5Print7printlnEji                              ./arduino/Print.o
_ZN5Print7printlnEli                              ./arduino/Print.o
_ZN5Print7printlnEmi                              ./arduino/Print.o
_ZN5Print7printlnEv                               ./arduino/Print.o
_ZN6Stream10parseFloatE13LookaheadModec           ./arduino/Stream.o
_ZN6Stream10readStringEv                          ./arduino/Stream.o
_ZN6Stream10setTimeoutEm                          ./arduino/Stream.o
_ZN6Stream13peekNextDigitE13LookaheadModeb        ./arduino/Stream.o
_ZN6Stream14readBytesUntilEcPcj                   ./arduino/Stream.o
_ZN6Stream15readStringUntilEc                     ./arduino/Stream.o
_ZN6Stream4findEPc                                ./arduino/Stream.o
_ZN6Stream4findEPcj                               ./arduino/Stream.o
_ZN6Stream8parseIntE13LookaheadModec              ./arduino/Stream.o
_ZN6Stream9findMultiEPNS_11MultiTargetEi          ./arduino/Stream.o
_ZN6Stream9findUntilEPcS0_                        ./arduino/Stream.o
_ZN6Stream9findUntilEPcjS0_j                      ./arduino/Stream.o
_ZN6Stream9readBytesEPcj                          ./arduino/Stream.o
_ZN6Stream9timedPeekEv                            ./arduino/Stream.o
_ZN6Stream9timedReadEv                            ./arduino/Stream.o
_ZN6String10invalidateEv                          ./arduino/WString.o
_ZN6String11toLowerCaseEv                         ./arduino/WString.o
_ZN6String11toUpperCaseEv                         ./arduino/WString.o
_ZN6String12changeBufferEj                        ./arduino/WString.o
_ZN6String4copyEPK19__FlashStringHelperj          ./arduino/WString.o
_ZN6String4copyEPKcj                              ./arduino/WString.o
_ZN6String4trimEv                                 ./arduino/WString.o
_ZN6String6concatEPK19__FlashStringHelper         ./arduino/WString.o
_ZN6String6concatEPKc                             ./arduino/WString.o
_ZN6String6concatEPKcj                            ./arduino/WString.o
_ZN6String6concatERKS_                            ./arduino/WString.o
_ZN6String6concatEc                               ./arduino/WString.o
                                                  ./arduino/Stream.o
_ZN6String6concatEd                               ./arduino/WString.o
_ZN6String6concatEf                               ./arduino/WString.o
_ZN6String6concatEh                               ./arduino/WString.o
_ZN6String6concatEi                               ./arduino/WString.o
_ZN6String6concatEj                               ./arduino/WString.o
_ZN6String6concatEl                               ./arduino/WString.o
_ZN6String6concatEm                               ./arduino/WString.o
_ZN6String6removeEj                               ./arduino/WString.o
_ZN6String6removeEjj                              ./arduino/WString.o
_ZN6String7replaceERKS_S1_                        ./arduino/WString.o
_ZN6String7replaceEcc                             ./arduino/WString.o
_ZN6String7reserveEj                              ./arduino/WString.o
_ZN6String9setCharAtEjc                           ./arduino/WString.o
_ZN6StringC1EPK19__FlashStringHelper              ./arduino/WString.o
_ZN6StringC1EPKc                                  ./arduino/WString.o
                                                  ./arduino/Stream.o
_ZN6StringC1ERKS_                                 ./arduino/WString.o
_ZN6StringC1Ec                                    ./arduino/WString.o
_ZN6StringC1Edh                                   ./arduino/WString.o
_ZN6StringC1Efh                                   ./arduino/WString.o
_ZN6StringC1Ehh                                   ./arduino/WString.o
_ZN6StringC1Eih                                   ./arduino/WString.o
_ZN6StringC1Ejh                                   ./arduino/WString.o
_ZN6StringC1Elh                                   ./arduino/WString.o
_ZN6StringC1Emh                                   ./arduino/WString.o
_ZN6StringC2EPK19__FlashStringHelper              ./arduino/WString.o
_ZN6StringC2EPKc                                  ./arduino/WString.o
_ZN6StringC2ERKS_                                 ./arduino/WString.o
_ZN6StringC2Ec                                    ./arduino/WString.o
_ZN6StringC2Edh                                   ./arduino/WString.o
_ZN6StringC2Efh                                   ./arduino/WString.o
_ZN6StringC2Ehh                                   ./arduino/WString.o
_ZN6StringC2Eih                                   ./arduino/WString.o
_ZN6StringC2Ejh                                   ./arduino/WString.o
_ZN6StringC2Elh                                   ./arduino/WString.o
_ZN6StringC2Emh                                   ./arduino/WString.o
_ZN6StringD1Ev                                    ./arduino/WString.o
_ZN6StringD2Ev                                    ./arduino/WString.o
_ZN6StringaSEPK19__FlashStringHelper              ./arduino/WString.o
_ZN6StringaSEPKc                                  ./arduino/WString.o
_ZN6StringaSERKS_                                 ./arduino/WString.o
_ZN6StringixEj                                    ./arduino/WString.o
_ZN9IPAddress10fromStringEPKc                     ./arduino/IPAddress.o
_ZN9IPAddressC1EPKh                               ./arduino/IPAddress.o
_ZN9IPAddressC1Ehhhh                              ./arduino/IPAddress.o
_ZN9IPAddressC1Em                                 ./arduino/IPAddress.o
_ZN9IPAddressC1Ev                                 ./arduino/IPAddress.o
_ZN9IPAddressC2EPKh                               ./arduino/IPAddress.o
_ZN9IPAddressC2Ehhhh                              ./arduino/IPAddress.o
_ZN9IPAddressC2Em                                 ./arduino/IPAddress.o
_ZN9IPAddressC2Ev                                 ./arduino/IPAddress.o
_ZN9IPAddressaSEPKh                               ./arduino/IPAddress.o
_ZN9IPAddressaSEm                                 ./arduino/IPAddress.o
_ZNK6String10startsWithERKS_                      ./arduino/WString.o
_ZNK6String10startsWithERKS_j                     ./arduino/WString.o
_ZNK6String11lastIndexOfERKS_                     ./arduino/WString.o
_ZNK6String11lastIndexOfERKS_j                    ./arduino/WString.o
_ZNK6String11lastIndexOfEc                        ./arduino/WString.o
_ZNK6String11lastIndexOfEcj                       ./arduino/WString.o
_ZNK6String16equalsIgnoreCaseERKS_                ./arduino/WString.o
_ZNK6String5toIntEv                               ./arduino/WString.o
_ZNK6String6charAtEj                              ./arduino/WString.o
_ZNK6String6equalsEPKc                            ./arduino/WString.o
_ZNK6String6equalsERKS_                           ./arduino/WString.o
_ZNK6String7indexOfERKS_                          ./arduino/WString.o
_ZNK6String7indexOfERKS_j                         ./arduino/WString.o
_ZNK6String7indexOfEc                             ./arduino/WString.o
_ZNK6String7indexOfEcj                            ./arduino/WString.o
_ZNK6String7toFloatEv                             ./arduino/WString.o
_ZNK6String8endsWithERKS_                         ./arduino/WString.o
_ZNK6String8getBytesEPhjj                         ./arduino/WString.o
_ZNK6String8toDoubleEv                            ./arduino/WString.o
_ZNK6String9compareToERKS_                        ./arduino/WString.o
_ZNK6String9substringEjj                          ./arduino/WString.o
_ZNK6StringgeERKS_                                ./arduino/WString.o
_ZNK6StringgtERKS_                                ./arduino/WString.o
_ZNK6StringixEj                                   ./arduino/WString.o
_ZNK6StringleERKS_                                ./arduino/WString.o
_ZNK6StringltERKS_                                ./arduino/WString.o
_ZNK9IPAddress7printToER5Print                    ./arduino/IPAddress.o
_ZNK9IPAddresseqEPKh                              ./arduino/IPAddress.o
_ZTV14HardwareSerial                              ./arduino/HardwareSerial.o
                                                  ./arduino/HardwareSerial0.o
_ZTV5Print                                        ./arduino/Print.o
_ZTV9IPAddress                                    ./arduino/IPAddress.o
_ZdaPv                                            ./arduino/new.o
_ZdlPv                                            ./arduino/new.o
_Znaj                                             ./arduino/new.o
_Znwj                                             ./arduino/new.o
_ZplRK15StringSumHelperPK19__FlashStringHelper    ./arduino/WString.o
_ZplRK15StringSumHelperPKc                        ./arduino/WString.o
_ZplRK15StringSumHelperRK6String                  ./arduino/WString.o
_ZplRK15StringSumHelperc                          ./arduino/WString.o
_ZplRK15StringSumHelperd                          ./arduino/WString.o
_ZplRK15StringSumHelperf                          ./arduino/WString.o
_ZplRK15StringSumHelperh                          ./arduino/WString.o
_ZplRK15StringSumHelperi                          ./arduino/WString.o
_ZplRK15StringSumHelperj                          ./arduino/WString.o
_ZplRK15StringSumHelperl                          ./arduino/WString.o
_ZplRK15StringSumHelperm                          ./arduino/WString.o
__FUSE_REGION_LENGTH__                            c:/program files/arduino/hardware/tools/avr/bin/../lib/gcc/avr/5.4.0/../../../../avr/lib/avr5/crtatmega328p.o
__addsf3                                          c:/program files/arduino/hardware/tools/avr/bin/../lib/gcc/avr/5.4.0/../../../../avr/lib/avr5\libm.a(addsf3.o)
                                                  ./arduino/Print.o
__addsf3x                                         c:/program files/arduino/hardware/tools/avr/bin/../lib/gcc/avr/5.4.0/../../../../avr/lib/avr5\libm.a(addsf3x.o)
                                                  c:/program files/arduino/hardware/tools/avr/bin/../lib/gcc/avr/5.4.0/../../../../avr/lib/avr5\libm.a(addsf3.o)
__bad_interrupt                                   c:/program files/arduino/hardware/tools/avr/bin/../lib/gcc/avr/5.4.0/../../../../avr/lib/avr5/crtatmega328p.o
__brkval                                          c:/program files/arduino/hardware/tools/avr/bin/../lib/gcc/avr/5.4.0/../../../../avr/lib/avr5\libc.a(malloc.o)
                                                  c:/program files/arduino/hardware/tools/avr/bin/../lib/gcc/avr/5.4.0/../../../../avr/lib/avr5\libc.a(realloc.o)
__bss_end                                         c:/program files/arduino/hardware/tools/avr/bin/../lib/gcc/avr/5.4.0/avr5\libgcc.a(_clear_bss.o)
__bss_start                                       c:/program files/arduino/hardware/tools/avr/bin/../lib/gcc/avr/5.4.0/avr5\libgcc.a(_clear_bss.o)
__cmpsf2                                          c:/program files/arduino/hardware/tools/avr/bin/../lib/gcc/avr/5.4.0/../../../../avr/lib/avr5\libm.a(cmpsf2.o)
__ctors_end                                       c:/program files/arduino/hardware/tools/avr/bin/../lib/gcc/avr/5.4.0/avr5\libgcc.a(_ctors.o)
__ctors_start                                     c:/program files/arduino/hardware/tools/avr/bin/../lib/gcc/avr/5.4.0/avr5\libgcc.a(_ctors.o)
__ctype_isfalse                                   c:/program files/arduino/hardware/tools/avr/bin/../lib/gcc/avr/5.4.0/../../../../avr/lib/avr5\libc.a(cty_isfalse.o)
                                                  c:/program files/arduino/hardware/tools/avr/bin/../lib/gcc/avr/5.4.0/../../../../avr/lib/avr5\libc.a(isspace.o)
__ctype_istrue                                    c:/program files/arduino/hardware/tools/avr/bin/../lib/gcc/avr/5.4.0/../../../../avr/lib/avr5\libc.a(cty_isfalse.o)
__cxa_deleted_virtual                             ./arduino/abi.o
__cxa_pure_virtual                                ./arduino/abi.o
                                                  ./arduino/Print.o
__data_end                                        c:/program files/arduino/hardware/tools/avr/bin/../lib/gcc/avr/5.4.0/avr5\libgcc.a(_copy_data.o)
__data_load_start                                 c:/program files/arduino/hardware/tools/avr/bin/../lib/gcc/avr/5.4.0/avr5\libgcc.a(_copy_data.o)
__data_start                                      c:/program files/arduino/hardware/tools/avr/bin/../lib/gcc/avr/5.4.0/avr5\libgcc.a(_copy_data.o)
__divmodsi4                                       c:/program files/arduino/hardware/tools/avr/bin/../lib/gcc/avr/5.4.0/avr5\libgcc.a(_divmodsi4.o)
                                                  c:/program files/arduino/hardware/tools/avr/bin/../lib/gcc/avr/5.4.0/../../../../avr/lib/avr5\libc.a(random.o)
                                                  ./arduino/WMath.o
__divsf3                                          c:/program files/arduino/hardware/tools/avr/bin/../lib/gcc/avr/5.4.0/../../../../avr/lib/avr5\libm.a(divsf3.o)
                                                  ./arduino/Print.o
__divsf3_pse                                      c:/program files/arduino/hardware/tools/avr/bin/../lib/gcc/avr/5.4.0/../../../../avr/lib/avr5\libm.a(divsf3x.o)
__divsf3x                                         c:/program files/arduino/hardware/tools/avr/bin/../lib/gcc/avr/5.4.0/../../../../avr/lib/avr5\libm.a(divsf3x.o)
                                                  c:/program files/arduino/hardware/tools/avr/bin/../lib/gcc/avr/5.4.0/../../../../avr/lib/avr5\libm.a(divsf3.o)
__do_clear_bss                                    c:/program files/arduino/hardware/tools/avr/bin/../lib/gcc/avr/5.4.0/avr5\libgcc.a(_clear_bss.o)
                                                  c:/program files/arduino/hardware/tools/avr/bin/../lib/gcc/avr/5.4.0/../../../../avr/lib/avr5\libc.a(errno.o)
                                                  c:/program files/arduino/hardware/tools/avr/bin/../lib/gcc/avr/5.4.0/../../../../avr/lib/avr5\libc.a(malloc.o)
                                                  C:/Users/Sherry/Desktop/nus/CG2271/lab3/freeRTOS/freeRTOS/Release/libfreeRTOS.a(heap_2.o)
                                                  C:/Users/Sherry/Desktop/nus/CG2271/lab3/freeRTOS/freeRTOS/Release/libfreeRTOS.a(tasks.o)
                                                  ./blinky.o
                                                  ./arduino/wiring.o
                                                  ./arduino/WString.o
                                                  ./arduino/Tone.o
                                                  ./arduino/HardwareSerial0.o
__do_copy_data                                    c:/program files/arduino/hardware/tools/avr/bin/../lib/gcc/avr/5.4.0/avr5\libgcc.a(_copy_data.o)
                                                  c:/program files/arduino/hardware/tools/avr/bin/../lib/gcc/avr/5.4.0/../../../../avr/lib/avr5\libc.a(random.o)
                                                  c:/program files/arduino/hardware/tools/avr/bin/../lib/gcc/avr/5.4.0/../../../../avr/lib/avr5\libc.a(malloc.o)
                                                  C:/Users/Sherry/Desktop/nus/CG2271/lab3/freeRTOS/freeRTOS/Release/libfreeRTOS.a(heap_2.o)
                                                  C:/Users/Sherry/Desktop/nus/CG2271/lab3/freeRTOS/freeRTOS/Release/libfreeRTOS.a(tasks.o)
                                                  ./blinky.o
                                                  ./arduino/wiring_analog.o
                                                  ./arduino/WString.o
                                                  ./arduino/WInterrupts.o
                                                  ./arduino/Tone.o
                                                  ./arduino/Stream.o
                                                  ./arduino/Print.o
                                                  ./arduino/IPAddress.o
                                                  ./arduino/HardwareSerial.o
__do_global_ctors                                 c:/program files/arduino/hardware/tools/avr/bin/../lib/gcc/avr/5.4.0/avr5\libgcc.a(_ctors.o)
                                                  ./arduino/HardwareSerial0.o
__epilogue_restores__                             c:/program files/arduino/hardware/tools/avr/bin/../lib/gcc/avr/5.4.0/avr5\libgcc.a(_epilogue.o)
                                                  c:/program files/arduino/hardware/tools/avr/bin/../lib/gcc/avr/5.4.0/../../../../avr/lib/avr5\libc.a(strtod.o)
                                                  c:/program files/arduino/hardware/tools/avr/bin/../lib/gcc/avr/5.4.0/../../../../avr/lib/avr5\libc.a(dtoa_prf.o)
                                                  c:/program files/arduino/hardware/tools/avr/bin/../lib/gcc/avr/5.4.0/../../../../avr/lib/avr5\libc.a(realloc.o)
__eqsf2                                           c:/program files/arduino/hardware/tools/avr/bin/../lib/gcc/avr/5.4.0/../../../../avr/lib/avr5\libm.a(cmpsf2.o)
                                                  c:/program files/arduino/hardware/tools/avr/bin/../lib/gcc/avr/5.4.0/../../../../avr/lib/avr5\libc.a(strtod.o)
__fixunssfsi                                      c:/program files/arduino/hardware/tools/avr/bin/../lib/gcc/avr/5.4.0/../../../../avr/lib/avr5\libm.a(fixunssfsi.o)
                                                  ./arduino/Print.o
__floatsisf                                       c:/program files/arduino/hardware/tools/avr/bin/../lib/gcc/avr/5.4.0/../../../../avr/lib/avr5\libm.a(floatsisf.o)
                                                  ./arduino/Stream.o
__floatunsisf                                     c:/program files/arduino/hardware/tools/avr/bin/../lib/gcc/avr/5.4.0/../../../../avr/lib/avr5\libm.a(floatsisf.o)
                                                  c:/program files/arduino/hardware/tools/avr/bin/../lib/gcc/avr/5.4.0/../../../../avr/lib/avr5\libc.a(strtod.o)
                                                  ./arduino/Print.o
__flp                                             c:/program files/arduino/hardware/tools/avr/bin/../lib/gcc/avr/5.4.0/../../../../avr/lib/avr5\libc.a(malloc.o)
                                                  c:/program files/arduino/hardware/tools/avr/bin/../lib/gcc/avr/5.4.0/../../../../avr/lib/avr5\libc.a(realloc.o)
__fp_cmp                                          c:/program files/arduino/hardware/tools/avr/bin/../lib/gcc/avr/5.4.0/../../../../avr/lib/avr5\libm.a(fp_cmp.o)
                                                  c:/program files/arduino/hardware/tools/avr/bin/../lib/gcc/avr/5.4.0/../../../../avr/lib/avr5\libm.a(unordsf2.o)
                                                  c:/program files/arduino/hardware/tools/avr/bin/../lib/gcc/avr/5.4.0/../../../../avr/lib/avr5\libm.a(gesf2.o)
                                                  c:/program files/arduino/hardware/tools/avr/bin/../lib/gcc/avr/5.4.0/../../../../avr/lib/avr5\libm.a(cmpsf2.o)
__fp_inf                                          c:/program files/arduino/hardware/tools/avr/bin/../lib/gcc/avr/5.4.0/../../../../avr/lib/avr5\libm.a(fp_inf.o)
                                                  c:/program files/arduino/hardware/tools/avr/bin/../lib/gcc/avr/5.4.0/../../../../avr/lib/avr5\libm.a(mulsf3x.o)
                                                  c:/program files/arduino/hardware/tools/avr/bin/../lib/gcc/avr/5.4.0/../../../../avr/lib/avr5\libm.a(divsf3x.o)
                                                  c:/program files/arduino/hardware/tools/avr/bin/../lib/gcc/avr/5.4.0/../../../../avr/lib/avr5\libm.a(addsf3x.o)
__fp_nan                                          c:/program files/arduino/hardware/tools/avr/bin/../lib/gcc/avr/5.4.0/../../../../avr/lib/avr5\libm.a(fp_nan.o)
                                                  c:/program files/arduino/hardware/tools/avr/bin/../lib/gcc/avr/5.4.0/../../../../avr/lib/avr5\libm.a(mulsf3x.o)
                                                  c:/program files/arduino/hardware/tools/avr/bin/../lib/gcc/avr/5.4.0/../../../../avr/lib/avr5\libm.a(divsf3x.o)
                                                  c:/program files/arduino/hardware/tools/avr/bin/../lib/gcc/avr/5.4.0/../../../../avr/lib/avr5\libm.a(addsf3x.o)
__fp_pscA                                         c:/program files/arduino/hardware/tools/avr/bin/../lib/gcc/avr/5.4.0/../../../../avr/lib/avr5\libm.a(fp_pscA.o)
                                                  c:/program files/arduino/hardware/tools/avr/bin/../lib/gcc/avr/5.4.0/../../../../avr/lib/avr5\libm.a(mulsf3x.o)
                                                  c:/program files/arduino/hardware/tools/avr/bin/../lib/gcc/avr/5.4.0/../../../../avr/lib/avr5\libm.a(divsf3x.o)
                                                  c:/program files/arduino/hardware/tools/avr/bin/../lib/gcc/avr/5.4.0/../../../../avr/lib/avr5\libm.a(addsf3x.o)
__fp_pscB                                         c:/program files/arduino/hardware/tools/avr/bin/../lib/gcc/avr/5.4.0/../../../../avr/lib/avr5\libm.a(fp_pscB.o)
                                                  c:/program files/arduino/hardware/tools/avr/bin/../lib/gcc/avr/5.4.0/../../../../avr/lib/avr5\libm.a(mulsf3x.o)
                                                  c:/program files/arduino/hardware/tools/avr/bin/../lib/gcc/avr/5.4.0/../../../../avr/lib/avr5\libm.a(divsf3x.o)
                                                  c:/program files/arduino/hardware/tools/avr/bin/../lib/gcc/avr/5.4.0/../../../../avr/lib/avr5\libm.a(addsf3x.o)
__fp_round                                        c:/program files/arduino/hardware/tools/avr/bin/../lib/gcc/avr/5.4.0/../../../../avr/lib/avr5\libm.a(fp_round.o)
                                                  c:/program files/arduino/hardware/tools/avr/bin/../lib/gcc/avr/5.4.0/../../../../avr/lib/avr5\libm.a(mulsf3.o)
                                                  c:/program files/arduino/hardware/tools/avr/bin/../lib/gcc/avr/5.4.0/../../../../avr/lib/avr5\libm.a(divsf3.o)
                                                  c:/program files/arduino/hardware/tools/avr/bin/../lib/gcc/avr/5.4.0/../../../../avr/lib/avr5\libm.a(addsf3.o)
__fp_split3                                       c:/program files/arduino/hardware/tools/avr/bin/../lib/gcc/avr/5.4.0/../../../../avr/lib/avr5\libm.a(fp_split3.o)
                                                  c:/program files/arduino/hardware/tools/avr/bin/../lib/gcc/avr/5.4.0/../../../../avr/lib/avr5\libm.a(mulsf3x.o)
                                                  c:/program files/arduino/hardware/tools/avr/bin/../lib/gcc/avr/5.4.0/../../../../avr/lib/avr5\libm.a(divsf3x.o)
                                                  c:/program files/arduino/hardware/tools/avr/bin/../lib/gcc/avr/5.4.0/../../../../avr/lib/avr5\libm.a(addsf3x.o)
__fp_splitA                                       c:/program files/arduino/hardware/tools/avr/bin/../lib/gcc/avr/5.4.0/../../../../avr/lib/avr5\libm.a(fp_split3.o)
                                                  c:/program files/arduino/hardware/tools/avr/bin/../lib/gcc/avr/5.4.0/../../../../avr/lib/avr5\libm.a(fixunssfsi.o)
__fp_szero                                        c:/program files/arduino/hardware/tools/avr/bin/../lib/gcc/avr/5.4.0/../../../../avr/lib/avr5\libm.a(fp_zero.o)
                                                  c:/program files/arduino/hardware/tools/avr/bin/../lib/gcc/avr/5.4.0/../../../../avr/lib/avr5\libm.a(mulsf3x.o)
                                                  c:/program files/arduino/hardware/tools/avr/bin/../lib/gcc/avr/5.4.0/../../../../avr/lib/avr5\libm.a(divsf3x.o)
__fp_zero                                         c:/program files/arduino/hardware/tools/avr/bin/../lib/gcc/avr/5.4.0/../../../../avr/lib/avr5\libm.a(fp_zero.o)
                                                  c:/program files/arduino/hardware/tools/avr/bin/../lib/gcc/avr/5.4.0/../../../../avr/lib/avr5\libm.a(fixunssfsi.o)
                                                  c:/program files/arduino/hardware/tools/avr/bin/../lib/gcc/avr/5.4.0/../../../../avr/lib/avr5\libm.a(addsf3x.o)
__ftoa_engine                                     c:/program files/arduino/hardware/tools/avr/bin/../lib/gcc/avr/5.4.0/../../../../avr/lib/avr5\libc.a(ftoa_engine.o)
                                                  c:/program files/arduino/hardware/tools/avr/bin/../lib/gcc/avr/5.4.0/../../../../avr/lib/avr5\libc.a(dtoa_prf.o)
__gesf2                                           c:/program files/arduino/hardware/tools/avr/bin/../lib/gcc/avr/5.4.0/../../../../avr/lib/avr5\libm.a(gesf2.o)
__gtsf2                                           c:/program files/arduino/hardware/tools/avr/bin/../lib/gcc/avr/5.4.0/../../../../avr/lib/avr5\libm.a(gesf2.o)
                                                  ./arduino/Print.o
__heap_end                                        c:/program files/arduino/hardware/tools/avr/bin/../lib/gcc/avr/5.4.0/../../../../avr/lib/avr5/crtatmega328p.o
                                                  c:/program files/arduino/hardware/tools/avr/bin/../lib/gcc/avr/5.4.0/../../../../avr/lib/avr5\libc.a(malloc.o)
__heap_start                                      c:/program files/arduino/hardware/tools/avr/bin/../lib/gcc/avr/5.4.0/../../../../avr/lib/avr5\libc.a(malloc.o)
__init                                            c:/program files/arduino/hardware/tools/avr/bin/../lib/gcc/avr/5.4.0/../../../../avr/lib/avr5/crtatmega328p.o
__itoa                                            c:/program files/arduino/hardware/tools/avr/bin/../lib/gcc/avr/5.4.0/../../../../avr/lib/avr5\libc.a(itoa.o)
                                                  ./arduino/WString.o
__itoa_ncheck                                     c:/program files/arduino/hardware/tools/avr/bin/../lib/gcc/avr/5.4.0/../../../../avr/lib/avr5\libc.a(itoa_ncheck.o)
                                                  c:/program files/arduino/hardware/tools/avr/bin/../lib/gcc/avr/5.4.0/../../../../avr/lib/avr5\libc.a(itoa.o)
__lesf2                                           c:/program files/arduino/hardware/tools/avr/bin/../lib/gcc/avr/5.4.0/../../../../avr/lib/avr5\libm.a(cmpsf2.o)
                                                  ./arduino/Print.o
__ltoa                                            c:/program files/arduino/hardware/tools/avr/bin/../lib/gcc/avr/5.4.0/../../../../avr/lib/avr5\libc.a(ltoa.o)
                                                  ./arduino/WString.o
__ltoa_ncheck                                     c:/program files/arduino/hardware/tools/avr/bin/../lib/gcc/avr/5.4.0/../../../../avr/lib/avr5\libc.a(ltoa_ncheck.o)
                                                  c:/program files/arduino/hardware/tools/avr/bin/../lib/gcc/avr/5.4.0/../../../../avr/lib/avr5\libc.a(ltoa.o)
__ltsf2                                           c:/program files/arduino/hardware/tools/avr/bin/../lib/gcc/avr/5.4.0/../../../../avr/lib/avr5\libm.a(cmpsf2.o)
                                                  ./arduino/Print.o
__malloc_heap_end                                 c:/program files/arduino/hardware/tools/avr/bin/../lib/gcc/avr/5.4.0/../../../../avr/lib/avr5\libc.a(malloc.o)
                                                  c:/program files/arduino/hardware/tools/avr/bin/../lib/gcc/avr/5.4.0/../../../../avr/lib/avr5\libc.a(realloc.o)
__malloc_heap_start                               c:/program files/arduino/hardware/tools/avr/bin/../lib/gcc/avr/5.4.0/../../../../avr/lib/avr5\libc.a(malloc.o)
__malloc_margin                                   c:/program files/arduino/hardware/tools/avr/bin/../lib/gcc/avr/5.4.0/../../../../avr/lib/avr5\libc.a(malloc.o)
                                                  c:/program files/arduino/hardware/tools/avr/bin/../lib/gcc/avr/5.4.0/../../../../avr/lib/avr5\libc.a(realloc.o)
__mulohisi3                                       c:/program files/arduino/hardware/tools/avr/bin/../lib/gcc/avr/5.4.0/avr5\libgcc.a(_mulshisi3.o)
                                                  c:/program files/arduino/hardware/tools/avr/bin/../lib/gcc/avr/5.4.0/../../../../avr/lib/avr5\libc.a(random.o)
__mulsf3                                          c:/program files/arduino/hardware/tools/avr/bin/../lib/gcc/avr/5.4.0/../../../../avr/lib/avr5\libm.a(mulsf3.o)
                                                  c:/program files/arduino/hardware/tools/avr/bin/../lib/gcc/avr/5.4.0/../../../../avr/lib/avr5\libc.a(strtod.o)
                                                  ./arduino/Stream.o
                                                  ./arduino/Print.o
__mulsf3_pse                                      c:/program files/arduino/hardware/tools/avr/bin/../lib/gcc/avr/5.4.0/../../../../avr/lib/avr5\libm.a(mulsf3x.o)
__mulsf3x                                         c:/program files/arduino/hardware/tools/avr/bin/../lib/gcc/avr/5.4.0/../../../../avr/lib/avr5\libm.a(mulsf3x.o)
                                                  c:/program files/arduino/hardware/tools/avr/bin/../lib/gcc/avr/5.4.0/../../../../avr/lib/avr5\libm.a(mulsf3.o)
__mulshisi3                                       c:/program files/arduino/hardware/tools/avr/bin/../lib/gcc/avr/5.4.0/avr5\libgcc.a(_mulshisi3.o)
__mulsi3                                          c:/program files/arduino/hardware/tools/avr/bin/../lib/gcc/avr/5.4.0/avr5\libgcc.a(_mulsi3.o)
                                                  ./arduino/WMath.o
__mulsi_const_10                                  c:/program files/arduino/hardware/tools/avr/bin/../lib/gcc/avr/5.4.0/../../../../avr/lib/avr5\libc.a(mulsi10.o)
                                                  c:/program files/arduino/hardware/tools/avr/bin/../lib/gcc/avr/5.4.0/../../../../avr/lib/avr5\libc.a(atol.o)
__muluhisi3                                       c:/program files/arduino/hardware/tools/avr/bin/../lib/gcc/avr/5.4.0/avr5\libgcc.a(_muluhisi3.o)
                                                  c:/program files/arduino/hardware/tools/avr/bin/../lib/gcc/avr/5.4.0/avr5\libgcc.a(_mulshisi3.o)
                                                  c:/program files/arduino/hardware/tools/avr/bin/../lib/gcc/avr/5.4.0/../../../../avr/lib/avr5\libc.a(strtod.o)
                                                  c:/program files/arduino/hardware/tools/avr/bin/../lib/gcc/avr/5.4.0/../../../../avr/lib/avr5\libc.a(random.o)
                                                  c:/program files/arduino/hardware/tools/avr/bin/../lib/gcc/avr/5.4.0/avr5\libgcc.a(_mulsi3.o)
                                                  ./arduino/Tone.o
                                                  ./arduino/Stream.o
__negsi2                                          c:/program files/arduino/hardware/tools/avr/bin/../lib/gcc/avr/5.4.0/avr5\libgcc.a(_negsi2.o)
                                                  c:/program files/arduino/hardware/tools/avr/bin/../lib/gcc/avr/5.4.0/avr5\libgcc.a(_divmodsi4.o)
__nesf2                                           c:/program files/arduino/hardware/tools/avr/bin/../lib/gcc/avr/5.4.0/../../../../avr/lib/avr5\libm.a(cmpsf2.o)
                                                  c:/program files/arduino/hardware/tools/avr/bin/../lib/gcc/avr/5.4.0/../../../../avr/lib/avr5\libc.a(strtod.o)
__prologue_saves__                                c:/program files/arduino/hardware/tools/avr/bin/../lib/gcc/avr/5.4.0/avr5\libgcc.a(_prologue.o)
                                                  c:/program files/arduino/hardware/tools/avr/bin/../lib/gcc/avr/5.4.0/../../../../avr/lib/avr5\libc.a(strtod.o)
                                                  c:/program files/arduino/hardware/tools/avr/bin/../lib/gcc/avr/5.4.0/../../../../avr/lib/avr5\libc.a(dtoa_prf.o)
                                                  c:/program files/arduino/hardware/tools/avr/bin/../lib/gcc/avr/5.4.0/../../../../avr/lib/avr5\libc.a(realloc.o)
__stack                                           c:/program files/arduino/hardware/tools/avr/bin/../lib/gcc/avr/5.4.0/../../../../avr/lib/avr5/crtatmega328p.o
__strlen_P                                        c:/program files/arduino/hardware/tools/avr/bin/../lib/gcc/avr/5.4.0/../../../../avr/lib/avr5\libc.a(strlen_P.o)
                                                  ./arduino/WString.o
__subsf3                                          c:/program files/arduino/hardware/tools/avr/bin/../lib/gcc/avr/5.4.0/../../../../avr/lib/avr5\libm.a(addsf3.o)
                                                  ./arduino/Print.o
__tablejump2__                                    c:/program files/arduino/hardware/tools/avr/bin/../lib/gcc/avr/5.4.0/avr5\libgcc.a(_tablejump2.o)
                                                  c:/program files/arduino/hardware/tools/avr/bin/../lib/gcc/avr/5.4.0/avr5\libgcc.a(_ctors.o)
__udivmodsi4                                      c:/program files/arduino/hardware/tools/avr/bin/../lib/gcc/avr/5.4.0/avr5\libgcc.a(_udivmodsi4.o)
                                                  c:/program files/arduino/hardware/tools/avr/bin/../lib/gcc/avr/5.4.0/avr5\libgcc.a(_divmodsi4.o)
                                                  ./arduino/Tone.o
                                                  ./arduino/Print.o
                                                  ./arduino/HardwareSerial.o
__ultoa                                           c:/program files/arduino/hardware/tools/avr/bin/../lib/gcc/avr/5.4.0/../../../../avr/lib/avr5\libc.a(ultoa.o)
                                                  ./arduino/WString.o
__ultoa_common                                    c:/program files/arduino/hardware/tools/avr/bin/../lib/gcc/avr/5.4.0/../../../../avr/lib/avr5\libc.a(ultoa_ncheck.o)
                                                  c:/program files/arduino/hardware/tools/avr/bin/../lib/gcc/avr/5.4.0/../../../../avr/lib/avr5\libc.a(ltoa_ncheck.o)
__ultoa_ncheck                                    c:/program files/arduino/hardware/tools/avr/bin/../lib/gcc/avr/5.4.0/../../../../avr/lib/avr5\libc.a(ultoa_ncheck.o)
                                                  c:/program files/arduino/hardware/tools/avr/bin/../lib/gcc/avr/5.4.0/../../../../avr/lib/avr5\libc.a(ultoa.o)
__umulhisi3                                       c:/program files/arduino/hardware/tools/avr/bin/../lib/gcc/avr/5.4.0/avr5\libgcc.a(_umulhisi3.o)
                                                  c:/program files/arduino/hardware/tools/avr/bin/../lib/gcc/avr/5.4.0/avr5\libgcc.a(_muluhisi3.o)
__unordsf2                                        c:/program files/arduino/hardware/tools/avr/bin/../lib/gcc/avr/5.4.0/../../../../avr/lib/avr5\libm.a(unordsf2.o)
                                                  ./arduino/Print.o
__utoa                                            c:/program files/arduino/hardware/tools/avr/bin/../lib/gcc/avr/5.4.0/../../../../avr/lib/avr5\libc.a(utoa.o)
                                                  ./arduino/WString.o
__utoa_common                                     c:/program files/arduino/hardware/tools/avr/bin/../lib/gcc/avr/5.4.0/../../../../avr/lib/avr5\libc.a(utoa_ncheck.o)
                                                  c:/program files/arduino/hardware/tools/avr/bin/../lib/gcc/avr/5.4.0/../../../../avr/lib/avr5\libc.a(itoa_ncheck.o)
__utoa_ncheck                                     c:/program files/arduino/hardware/tools/avr/bin/../lib/gcc/avr/5.4.0/../../../../avr/lib/avr5\libc.a(utoa_ncheck.o)
                                                  c:/program files/arduino/hardware/tools/avr/bin/../lib/gcc/avr/5.4.0/../../../../avr/lib/avr5\libc.a(utoa.o)
__vector_1                                        ./arduino/WInterrupts.o
                                                  c:/program files/arduino/hardware/tools/avr/bin/../lib/gcc/avr/5.4.0/../../../../avr/lib/avr5/crtatmega328p.o
__vector_10                                       c:/program files/arduino/hardware/tools/avr/bin/../lib/gcc/avr/5.4.0/../../../../avr/lib/avr5/crtatmega328p.o
__vector_11                                       C:/Users/Sherry/Desktop/nus/CG2271/lab3/freeRTOS/freeRTOS/Release/libfreeRTOS.a(port.o)
                                                  c:/program files/arduino/hardware/tools/avr/bin/../lib/gcc/avr/5.4.0/../../../../avr/lib/avr5/crtatmega328p.o
__vector_12                                       c:/program files/arduino/hardware/tools/avr/bin/../lib/gcc/avr/5.4.0/../../../../avr/lib/avr5/crtatmega328p.o
__vector_13                                       c:/program files/arduino/hardware/tools/avr/bin/../lib/gcc/avr/5.4.0/../../../../avr/lib/avr5/crtatmega328p.o
__vector_14                                       c:/program files/arduino/hardware/tools/avr/bin/../lib/gcc/avr/5.4.0/../../../../avr/lib/avr5/crtatmega328p.o
__vector_15                                       c:/program files/arduino/hardware/tools/avr/bin/../lib/gcc/avr/5.4.0/../../../../avr/lib/avr5/crtatmega328p.o
__vector_16                                       ./arduino/wiring.o
                                                  c:/program files/arduino/hardware/tools/avr/bin/../lib/gcc/avr/5.4.0/../../../../avr/lib/avr5/crtatmega328p.o
__vector_17                                       c:/program files/arduino/hardware/tools/avr/bin/../lib/gcc/avr/5.4.0/../../../../avr/lib/avr5/crtatmega328p.o
__vector_18                                       ./arduino/HardwareSerial0.o
                                                  c:/program files/arduino/hardware/tools/avr/bin/../lib/gcc/avr/5.4.0/../../../../avr/lib/avr5/crtatmega328p.o
__vector_19                                       ./arduino/HardwareSerial0.o
                                                  c:/program files/arduino/hardware/tools/avr/bin/../lib/gcc/avr/5.4.0/../../../../avr/lib/avr5/crtatmega328p.o
__vector_2                                        ./arduino/WInterrupts.o
                                                  c:/program files/arduino/hardware/tools/avr/bin/../lib/gcc/avr/5.4.0/../../../../avr/lib/avr5/crtatmega328p.o
__vector_20                                       c:/program files/arduino/hardware/tools/avr/bin/../lib/gcc/avr/5.4.0/../../../../avr/lib/avr5/crtatmega328p.o
__vector_21                                       c:/program files/arduino/hardware/tools/avr/bin/../lib/gcc/avr/5.4.0/../../../../avr/lib/avr5/crtatmega328p.o
__vector_22                                       c:/program files/arduino/hardware/tools/avr/bin/../lib/gcc/avr/5.4.0/../../../../avr/lib/avr5/crtatmega328p.o
__vector_23                                       c:/program files/arduino/hardware/tools/avr/bin/../lib/gcc/avr/5.4.0/../../../../avr/lib/avr5/crtatmega328p.o
__vector_24                                       c:/program files/arduino/hardware/tools/avr/bin/../lib/gcc/avr/5.4.0/../../../../avr/lib/avr5/crtatmega328p.o
__vector_25                                       c:/program files/arduino/hardware/tools/avr/bin/../lib/gcc/avr/5.4.0/../../../../avr/lib/avr5/crtatmega328p.o
__vector_3                                        c:/program files/arduino/hardware/tools/avr/bin/../lib/gcc/avr/5.4.0/../../../../avr/lib/avr5/crtatmega328p.o
__vector_4                                        c:/program files/arduino/hardware/tools/avr/bin/../lib/gcc/avr/5.4.0/../../../../avr/lib/avr5/crtatmega328p.o
__vector_5                                        c:/program files/arduino/hardware/tools/avr/bin/../lib/gcc/avr/5.4.0/../../../../avr/lib/avr5/crtatmega328p.o
__vector_6                                        c:/program files/arduino/hardware/tools/avr/bin/../lib/gcc/avr/5.4.0/../../../../avr/lib/avr5/crtatmega328p.o
__vector_7                                        ./arduino/Tone.o
                                                  c:/program files/arduino/hardware/tools/avr/bin/../lib/gcc/avr/5.4.0/../../../../avr/lib/avr5/crtatmega328p.o
__vector_8                                        c:/program files/arduino/hardware/tools/avr/bin/../lib/gcc/avr/5.4.0/../../../../avr/lib/avr5/crtatmega328p.o
__vector_9                                        c:/program files/arduino/hardware/tools/avr/bin/../lib/gcc/avr/5.4.0/../../../../avr/lib/avr5/crtatmega328p.o
__vector_default                                  c:/program files/arduino/hardware/tools/avr/bin/../lib/gcc/avr/5.4.0/../../../../avr/lib/avr5/crtatmega328p.o
__vectors                                         c:/program files/arduino/hardware/tools/avr/bin/../lib/gcc/avr/5.4.0/../../../../avr/lib/avr5/crtatmega328p.o
_exit                                             c:/program files/arduino/hardware/tools/avr/bin/../lib/gcc/avr/5.4.0/avr5\libgcc.a(_exit.o)
                                                  c:/program files/arduino/hardware/tools/avr/bin/../lib/gcc/avr/5.4.0/../../../../avr/lib/avr5\libc.a(abort.o)
abort                                             c:/program files/arduino/hardware/tools/avr/bin/../lib/gcc/avr/5.4.0/../../../../avr/lib/avr5\libc.a(abort.o)
                                                  ./arduino/abi.o
analogRead                                        ./arduino/wiring_analog.o
                                                  ./blinky.o
analogReference                                   ./arduino/wiring_analog.o
analogWrite                                       ./arduino/wiring_analog.o
analog_reference                                  ./arduino/wiring_analog.o
atexit                                            ./arduino/main.o
atof                                              c:/program files/arduino/hardware/tools/avr/bin/../lib/gcc/avr/5.4.0/../../../../avr/lib/avr5\libc.a(atof.o)
                                                  ./arduino/WString.o
atol                                              c:/program files/arduino/hardware/tools/avr/bin/../lib/gcc/avr/5.4.0/../../../../avr/lib/avr5\libc.a(atol.o)
                                                  ./arduino/WString.o
attachInterrupt                                   ./arduino/WInterrupts.o
                                                  ./blinky.o
countPulseASM                                     ./arduino/wiring_pulse.o
delay                                             ./arduino/wiring.o
delayMicroseconds                                 ./arduino/wiring.o
detachInterrupt                                   ./arduino/WInterrupts.o
digitalRead                                       ./arduino/wiring_digital.o
                                                  ./arduino/wiring_shift.o
digitalWrite                                      ./arduino/wiring_digital.o
                                                  ./blinky.o
                                                  ./arduino/wiring_shift.o
                                                  ./arduino/wiring_analog.o
                                                  ./arduino/Tone.o
digital_pin_to_bit_mask_PGM                       ./arduino/wiring_digital.o
                                                  ./arduino/wiring_pulse.o
                                                  ./arduino/Tone.o
digital_pin_to_port_PGM                           ./arduino/wiring_digital.o
                                                  ./arduino/wiring_pulse.o
                                                  ./arduino/Tone.o
digital_pin_to_timer_PGM                          ./arduino/wiring_digital.o
                                                  ./arduino/wiring_analog.o
distanceQueue                                     ./blinky.o
driverSpeedSettingQueue                           ./blinky.o
dtoa_prf                                          c:/program files/arduino/hardware/tools/avr/bin/../lib/gcc/avr/5.4.0/../../../../avr/lib/avr5\libc.a(dtoa_prf.o)
                                                  c:/program files/arduino/hardware/tools/avr/bin/../lib/gcc/avr/5.4.0/../../../../avr/lib/avr5\libc.a(dtostrf.o)
dtostrf                                           c:/program files/arduino/hardware/tools/avr/bin/../lib/gcc/avr/5.4.0/../../../../avr/lib/avr5\libc.a(dtostrf.o)
                                                  ./arduino/WString.o
errno                                             c:/program files/arduino/hardware/tools/avr/bin/../lib/gcc/avr/5.4.0/../../../../avr/lib/avr5\libc.a(errno.o)
                                                  c:/program files/arduino/hardware/tools/avr/bin/../lib/gcc/avr/5.4.0/../../../../avr/lib/avr5\libc.a(strtod.o)
exit                                              c:/program files/arduino/hardware/tools/avr/bin/../lib/gcc/avr/5.4.0/avr5\libgcc.a(_exit.o)
                                                  c:/program files/arduino/hardware/tools/avr/bin/../lib/gcc/avr/5.4.0/../../../../avr/lib/avr5/crtatmega328p.o
free                                              c:/program files/arduino/hardware/tools/avr/bin/../lib/gcc/avr/5.4.0/../../../../avr/lib/avr5\libc.a(malloc.o)
                                                  c:/program files/arduino/hardware/tools/avr/bin/../lib/gcc/avr/5.4.0/../../../../avr/lib/avr5\libc.a(realloc.o)
                                                  ./prioq.o
                                                  ./arduino/new.o
                                                  ./arduino/WString.o
init                                              ./arduino/wiring.o
                                                  ./arduino/main.o
initVariant                                       ./arduino/main.o
isspace                                           c:/program files/arduino/hardware/tools/avr/bin/../lib/gcc/avr/5.4.0/../../../../avr/lib/avr5\libc.a(isspace.o)
                                                  c:/program files/arduino/hardware/tools/avr/bin/../lib/gcc/avr/5.4.0/../../../../avr/lib/avr5\libc.a(strtod.o)
                                                  ./arduino/WString.o
itoa                                              c:/program files/arduino/hardware/tools/avr/bin/../lib/gcc/avr/5.4.0/../../../../avr/lib/avr5\libc.a(itoa.o)
                                                  ./arduino/WString.o
lastAccButtonPush                                 ./blinky.o
lastBreakButtonPush                               ./blinky.o
loop                                              ./blinky.o
                                                  ./arduino/main.o
ltoa                                              c:/program files/arduino/hardware/tools/avr/bin/../lib/gcc/avr/5.4.0/../../../../avr/lib/avr5\libc.a(ltoa.o)
                                                  ./arduino/WString.o
main                                              ./arduino/main.o
                                                  c:/program files/arduino/hardware/tools/avr/bin/../lib/gcc/avr/5.4.0/../../../../avr/lib/avr5/crtatmega328p.o
malloc                                            c:/program files/arduino/hardware/tools/avr/bin/../lib/gcc/avr/5.4.0/../../../../avr/lib/avr5\libc.a(malloc.o)
                                                  c:/program files/arduino/hardware/tools/avr/bin/../lib/gcc/avr/5.4.0/../../../../avr/lib/avr5\libc.a(realloc.o)
                                                  ./prioq.o
                                                  ./arduino/new.o
memcmp                                            c:/program files/arduino/hardware/tools/avr/bin/../lib/gcc/avr/5.4.0/../../../../avr/lib/avr5\libc.a(memcmp.o)
                                                  ./arduino/IPAddress.o
memcpy                                            c:/program files/arduino/hardware/tools/avr/bin/../lib/gcc/avr/5.4.0/../../../../avr/lib/avr5\libc.a(memcpy.o)
                                                  c:/program files/arduino/hardware/tools/avr/bin/../lib/gcc/avr/5.4.0/../../../../avr/lib/avr5\libc.a(memmove.o)
                                                  c:/program files/arduino/hardware/tools/avr/bin/../lib/gcc/avr/5.4.0/../../../../avr/lib/avr5\libc.a(realloc.o)
                                                  C:/Users/Sherry/Desktop/nus/CG2271/lab3/freeRTOS/freeRTOS/Release/libfreeRTOS.a(queue.o)
                                                  ./arduino/WString.o
memmove                                           c:/program files/arduino/hardware/tools/avr/bin/../lib/gcc/avr/5.4.0/../../../../avr/lib/avr5\libc.a(memmove.o)
                                                  ./arduino/WString.o
micros                                            ./arduino/wiring.o
                                                  ./arduino/wiring_pulse.o
millis                                            ./arduino/wiring.o
                                                  ./blinky.o
                                                  ./arduino/Stream.o
msg                                               ./blinky.o
pinMode                                           ./arduino/wiring_digital.o
                                                  ./blinky.o
                                                  ./arduino/wiring_analog.o
                                                  ./arduino/Tone.o
port_to_input_PGM                                 ./arduino/wiring_digital.o
                                                  ./arduino/wiring_pulse.o
port_to_mode_PGM                                  ./arduino/wiring_digital.o
port_to_output_PGM                                ./arduino/wiring_digital.o
                                                  ./arduino/Tone.o
pulseIn                                           ./arduino/wiring_pulse.o
pulseInLong                                       ./arduino/wiring_pulse.o
pvPortMalloc                                      C:/Users/Sherry/Desktop/nus/CG2271/lab3/freeRTOS/freeRTOS/Release/libfreeRTOS.a(heap_2.o)
                                                  C:/Users/Sherry/Desktop/nus/CG2271/lab3/freeRTOS/freeRTOS/Release/libfreeRTOS.a(tasks.o)
                                                  C:/Users/Sherry/Desktop/nus/CG2271/lab3/freeRTOS/freeRTOS/Release/libfreeRTOS.a(queue.o)
pxCurrentTCB                                      C:/Users/Sherry/Desktop/nus/CG2271/lab3/freeRTOS/freeRTOS/Release/libfreeRTOS.a(tasks.o)
                                                  C:/Users/Sherry/Desktop/nus/CG2271/lab3/freeRTOS/freeRTOS/Release/libfreeRTOS.a(port.o)
pxPortInitialiseStack                             C:/Users/Sherry/Desktop/nus/CG2271/lab3/freeRTOS/freeRTOS/Release/libfreeRTOS.a(port.o)
                                                  C:/Users/Sherry/Desktop/nus/CG2271/lab3/freeRTOS/freeRTOS/Release/libfreeRTOS.a(tasks.o)
random                                            c:/program files/arduino/hardware/tools/avr/bin/../lib/gcc/avr/5.4.0/../../../../avr/lib/avr5\libc.a(random.o)
                                                  ./arduino/WMath.o
random_r                                          c:/program files/arduino/hardware/tools/avr/bin/../lib/gcc/avr/5.4.0/../../../../avr/lib/avr5\libc.a(random.o)
realloc                                           c:/program files/arduino/hardware/tools/avr/bin/../lib/gcc/avr/5.4.0/../../../../avr/lib/avr5\libc.a(realloc.o)
                                                  ./arduino/WString.o
safetyBreakFlag                                   ./blinky.o
setup                                             ./blinky.o
                                                  ./arduino/main.o
shiftIn                                           ./arduino/wiring_shift.o
shiftOut                                          ./arduino/wiring_shift.o
srandom                                           c:/program files/arduino/hardware/tools/avr/bin/../lib/gcc/avr/5.4.0/../../../../avr/lib/avr5\libc.a(random.o)
                                                  ./arduino/WMath.o
strchr                                            c:/program files/arduino/hardware/tools/avr/bin/../lib/gcc/avr/5.4.0/../../../../avr/lib/avr5\libc.a(strchr.o)